ESP-ROM:esp32s3-20210327
Build:Mar 27 2021
rst:0x15 (USB_UART_CHIP_RESET),boot:0x2a (SPI_FAST_FLASH_BOOT)
Saved PC:0x40048ee0
SPIWP:0xee
mode:DIO, clock div:1
load:0x3fce3810,len:0x178c
load:0x403c9700,len:0x4
load:0x403c9704,len:0xcbc
load:0x403cc700,len:0x2d9c
entry 0x403c9914
[0;32mI (26) boot: ESP-IDF v5.2.2-dirty 2nd stage bootloader[0m
[0;32mI (27) boot: compile time Oct  3 2024 10:22:40[0m
[0;32mI (27) boot: Multicore bootloader[0m
[0;32mI (30) boot: chip revision: v0.2[0m
[0;32mI (34) boot.esp32s3: Boot SPI Speed : 80MHz[0m
[0;32mI (39) boot.esp32s3: SPI Mode       : DIO[0m
[0;32mI (44) boot.esp32s3: SPI Flash Size : 2MB[0m
[0;32mI (48) boot: Enabling RNG early entropy source...[0m
[0;32mI (54) boot: Partition Table:[0m
[0;32mI (57) boot: ## Label            Usage          Type ST Offset   Length[0m
[0;32mI (65) boot:  0 nvs              WiFi data        01 02 00009000 00006000[0m
[0;32mI (72) boot:  1 phy_init         RF data          01 01 0000f000 00001000[0m
[0;32mI (80) boot:  2 factory          factory app      00 00 00010000 00100000[0m
[0;32mI (87) boot: End of partition table[0m
[0;32mI (91) esp_image: segment 0: paddr=00010020 vaddr=3c060020 size=23e38h (147000) map[0m
[0;32mI (126) esp_image: segment 1: paddr=00033e60 vaddr=3fc95500 size=03244h ( 12868) load[0m
[0;32mI (129) esp_image: segment 2: paddr=000370ac vaddr=40374000 size=08f6ch ( 36716) load[0m
[0;32mI (140) esp_image: segment 3: paddr=00040020 vaddr=42000020 size=5ea7ch (387708) map[0m
[0;32mI (210) esp_image: segment 4: paddr=0009eaa4 vaddr=4037cf6c size=084f0h ( 34032) load[0m
[0;32mI (225) boot: Loaded app from partition at offset 0x10000[0m
[0;32mI (225) boot: Disabling RNG early entropy source...[0m
[0;32mI (236) cpu_start: Multicore app[0m
V (237) mmap: after coalescing, 1 regions are left[0m
[0;32mI (237) octal_psram: vendor id    : 0x0d (AP)[0m
[0;32mI (239) octal_psram: dev id       : 0x02 (generation 3)[0m
[0;32mI (245) octal_psram: density      : 0x03 (64 Mbit)[0m
[0;32mI (250) octal_psram: good-die     : 0x01 (Pass)[0m
[0;32mI (255) octal_psram: Latency      : 0x01 (Fixed)[0m
[0;32mI (261) octal_psram: VCC          : 0x01 (3V)[0m
[0;32mI (266) octal_psram: SRF          : 0x01 (Fast Refresh)[0m
[0;32mI (272) octal_psram: BurstType    : 0x01 (Hybrid Wrap)[0m
[0;32mI (278) octal_psram: BurstLen     : 0x01 (32 Byte)[0m
[0;32mI (283) octal_psram: Readlatency  : 0x02 (10 cycles@Fixed)[0m
[0;32mI (289) octal_psram: DriveStrength: 0x00 (1/1)[0m
[0;32mI (294) esp_psram: Found 8MB PSRAM device[0m
[0;32mI (299) esp_psram: Speed: 40MHz[0m
V (303) mmap: found laddr is 0x90000[0m
V (306) esp_psram: 8bit-aligned-region: actual_mapped_len is 0x800000 bytes[0m
V (313) esp_psram: 8bit-aligned-range: 0x800000 B, starting from: 0x3c090000[0m
D (321) cpu_start: Pro cpu up[0m
D (324) cpu_start: Starting app cpu, entry point is 0x40375498[0m
D (0) cpu_start: App cpu up[0m
V CACHE_ERR: illegal error intr clr & ena mask is: 0x3f
V CACHE_ERR: core 1 access error intr clr & ena mask is: 0x1f
[0;32mI (1061) esp_psram: SPI SRAM memory test OK[0m
D (1069) clk: RTC_SLOW_CLK calibration value: 3806720[0m
V CACHE_ERR: illegal error intr clr & ena mask is: 0x3f
V CACHE_ERR: core 0 access error intr clr & ena mask is: 0x1f
[0;32mI (1075) cpu_start: Pro cpu start user code[0m
[0;32mI (1078) cpu_start: cpu freq: 160000000 Hz[0m
[0;32mI (1083) cpu_start: Application information:[0m
[0;32mI (1088) cpu_start: Project name:     netstick-test[0m
[0;32mI (1093) cpu_start: App version:      02fd1a5-dirty[0m
[0;32mI (1099) cpu_start: Compile time:     Oct  7 2024 11:11:02[0m
[0;32mI (1105) cpu_start: ELF file SHA256:  ddc03df51...[0m
[0;32mI (1111) cpu_start: ESP-IDF:          v5.2.2-dirty[0m
[0;32mI (1116) cpu_start: Min chip rev:     v0.0[0m
[0;32mI (1121) cpu_start: Max chip rev:     v0.99 [0m
[0;32mI (1126) cpu_start: Chip rev:         v0.2[0m
V (1131) memory_layout: reserved range is 0x3c083e10 - 0x3c083e40[0m
D (1137) memory_layout: Checking 7 reserved memory ranges:[0m
D (1142) memory_layout: Reserved memory range 0x3c000000 - 0x3e000000[0m
D (1149) memory_layout: Reserved memory range 0x3fc84000 - 0x3fc95500[0m
D (1155) memory_layout: Reserved memory range 0x3fc95500 - 0x3fc99f60[0m
D (1162) memory_layout: Reserved memory range 0x3fceee34 - 0x3fcf0000[0m
D (1168) memory_layout: Reserved memory range 0x40374000 - 0x40385500[0m
D (1175) memory_layout: Reserved memory range 0x600fe000 - 0x600fe010[0m
D (1181) memory_layout: Reserved memory range 0x600fffe8 - 0x60100000[0m
D (1188) memory_layout: Building list of available memory regions:[0m
V (1194) memory_layout: Examining memory region 0x3fc88000 - 0x3fc90000[0m
V (1201) memory_layout: Region 0x3fc88000 - 0x3fc90000 inside of reserved 0x3fc84000 - 0x3fc95500[0m
V (1210) memory_layout: Examining memory region 0x3fc90000 - 0x3fca0000[0m
V (1216) memory_layout: Start of region 0x3fc90000 - 0x3fca0000 overlaps reserved 0x3fc84000 - 0x3fc95500[0m
V (1226) memory_layout: Start of region 0x3fc95500 - 0x3fca0000 overlaps reserved 0x3fc95500 - 0x3fc99f60[0m
D (1236) memory_layout: Available memory region 0x3fc99f60 - 0x3fca0000[0m
V (1242) memory_layout: Examining memory region 0x3fca0000 - 0x3fcb0000[0m
D (1249) memory_layout: Available memory region 0x3fca0000 - 0x3fcb0000[0m
V (1256) memory_layout: Examining memory region 0x3fcb0000 - 0x3fcc0000[0m
D (1262) memory_layout: Available memory region 0x3fcb0000 - 0x3fcc0000[0m
V (1269) memory_layout: Examining memory region 0x3fcc0000 - 0x3fcd0000[0m
D (1276) memory_layout: Available memory region 0x3fcc0000 - 0x3fcd0000[0m
V (1282) memory_layout: Examining memory region 0x3fcd0000 - 0x3fce0000[0m
D (1289) memory_layout: Available memory region 0x3fcd0000 - 0x3fce0000[0m
V (1296) memory_layout: Examining memory region 0x3fce0000 - 0x3fce9710[0m
D (1303) memory_layout: Available memory region 0x3fce0000 - 0x3fce9710[0m
V (1309) memory_layout: Examining memory region 0x3fce9710 - 0x3fcf0000[0m
V (1316) memory_layout: End of region 0x3fce9710 - 0x3fcf0000 overlaps reserved 0x3fceee34 - 0x3fcf0000[0m
D (1325) memory_layout: Available memory region 0x3fce9710 - 0x3fceee34[0m
V (1332) memory_layout: Examining memory region 0x3fcf0000 - 0x3fcf8000[0m
D (1339) memory_layout: Available memory region 0x3fcf0000 - 0x3fcf8000[0m
V (1345) memory_layout: Examining memory region 0x3c000000 - 0x3e000000[0m
V (1352) memory_layout: Region 0x3c000000 - 0x3e000000 inside of reserved 0x3c000000 - 0x3e000000[0m
V (1361) memory_layout: Examining memory region 0x600fe000 - 0x60100000[0m
V (1368) memory_layout: Start of region 0x600fe000 - 0x60100000 overlaps reserved 0x600fe000 - 0x600fe010[0m
V (1377) memory_layout: End of region 0x600fe010 - 0x60100000 overlaps reserved 0x600fffe8 - 0x60100000[0m
D (1387) memory_layout: Available memory region 0x600fe010 - 0x600fffe8[0m
[0;32mI (1394) heap_init: Initializing. RAM available for dynamic allocation:[0m
D (1401) heap_init: New heap initialised at 0x3fc99f60[0m
[0;32mI (1406) heap_init: At 3FC99F60 len 0004F7B0 (317 KiB): RAM[0m
[0;32mI (1412) heap_init: At 3FCE9710 len 00005724 (21 KiB): RAM[0m
D (1418) heap_init: New heap initialised at 0x3fcf0000[0m
[0;32mI (1424) heap_init: At 3FCF0000 len 00008000 (32 KiB): DRAM[0m
D (1430) heap_init: New heap initialised at 0x600fe010[0m
[0;32mI (1435) heap_init: At 600FE010 len 00001FD8 (7 KiB): RTCRAM[0m
[0;32mI (1442) esp_psram: Adding pool of 8192K of PSRAM memory to heap allocator[0m
V (1449) intr_alloc: esp_intr_alloc_intrstatus (cpu 0): checking args[0m
V (1455) intr_alloc: esp_intr_alloc_intrstatus (cpu 0): Args okay. Resulting flags 0x40E[0m
D (1464) intr_alloc: Connected src 39 to int 2 (cpu 0)[0m
V (1469) memspi: raw_chip_id: 1740C8
[0m
V (1473) memspi: chip_id: C84017
[0m
V (1476) memspi: raw_chip_id: 1740C8
[0m
V (1480) memspi: chip_id: C84017
[0m
D (1483) spi_flash: trying chip: issi[0m
D (1487) spi_flash: trying chip: gd[0m
[0;32mI (1491) spi_flash: detected chip: gd[0m
[0;32mI (1495) spi_flash: flash io: dio[0m
[0;33mW (1499) spi_flash: Detected size(8192k) larger than the size in the binary image header(2048k). Using the size in the binary image header.[0m
D (1512) cpu_start: calling init function: 0x4204aa74[0m
D (1518) cpu_start: calling init function: 0x42042434[0m
D (1523) cpu_start: calling init function: 0x42012298[0m
D (1528) cpu_start: calling init function: 0x4201143c[0m
[0;33mW (1533) i2c: This driver is an old driver, please migrate your application code to adapt `driver/i2c_master.h`[0m
D (1543) cpu_start: calling init function: 0x4037a9ec[0m
D (1549) cpu_start: calling init function: 0x42003000[0m
D (1554) cpu_start: calling init function: 0x4200856c on core: 0[0m
V (1560) intr_alloc: esp_intr_alloc_intrstatus (cpu 0): checking args[0m
V (1566) intr_alloc: esp_intr_alloc_intrstatus (cpu 0): Args okay. Resulting flags 0xC02[0m
D (1575) intr_alloc: Connected src 59 to int 3 (cpu 0)[0m
D (1580) cpu_start: calling init function: 0x42005f98 on core: 0[0m
[0;32mI (1586) sleep: Configure to isolate all GPIO pins in sleep state[0m
[0;32mI (1593) sleep: Enable automatic switching of GPIO sleep configuration[0m
D (1600) cpu_start: calling init function: 0x4200415c on core: 0[0m
V (1606) intr_alloc: esp_intr_alloc_intrstatus (cpu 0): checking args[0m
V (1612) intr_alloc: esp_intr_alloc_intrstatus (cpu 0): Args okay. Resulting flags 0x40E[0m
D (1621) intr_alloc: Connected src 79 to int 9 (cpu 0)[0m
D (1626) app_start: Starting scheduler on CPU0[0m
V (1630) intr_alloc: esp_intr_alloc_intrstatus (cpu 0): checking args[0m
V (1630) intr_alloc: esp_intr_alloc_intrstatus (cpu 0): Args okay. Resulting flags 0x402[0m
D (1630) intr_alloc: Connected src 57 to int 12 (cpu 0)[0m
V (1630) intr_alloc: esp_intr_alloc_intrstatus (cpu 1): checking args[0m
V (1640) intr_alloc: esp_intr_alloc_intrstatus (cpu 1): Args okay. Resulting flags 0x40E[0m
D (1640) intr_alloc: Connected src 80 to int 2 (cpu 1)[0m
D (1650) app_start: Starting scheduler on CPU1[0m
V (1650) intr_alloc: esp_intr_alloc_intrstatus (cpu 1): checking args[0m
V (1660) intr_alloc: esp_intr_alloc_intrstatus (cpu 1): Args okay. Resulting flags 0x402[0m
D (1670) intr_alloc: Connected src 58 to int 3 (cpu 1)[0m
[0;32mI (1630) main_task: Started on CPU0[0m
D (1680) heap_init: New heap initialised at 0x3fce9710[0m
[0;32mI (1680) esp_psram: Reserving pool of 32K of internal memory for DMA/internal allocations[0m
D (1690) esp_psram: Allocating block of size 32768 bytes[0m
V (1700) intr_alloc: esp_intr_alloc_intrstatus (cpu 0): checking args[0m
V (1700) intr_alloc: esp_intr_alloc_intrstatus (cpu 0): Args okay. Resulting flags 0xE[0m
D (1710) intr_alloc: Connected src 52 to int 13 (cpu 0)[0m
[0;32mI (1720) main_task: Calling app_main()[0m
[0;32mI (1720) main_task: Returned from app_main()[0m
[0;32mI (1720) example:take_picture: Initializing camera...[0m
D (1730) gdma: new group (0) at 0x3c090b9c[0m
D (1740) gdma: new pair (0,0) at 0x3c090c28[0m
D (1740) gdma: new rx channel (0,0) at 0x3c090b5c[0m
[0;32mI (1750) s3 ll_cam: DMA Channel=0[0m
[0;32mI (1750) cam_hal: cam init ok[0m
D (1750) camera: Enabling XCLK output[0m
D (1760) camera: Initializing SCCB[0m
[0;32mI (1760) sccb: pin_sda 4 pin_scl 5[0m
[0;32mI (1770) sccb: sccb_i2c_port=1[0m
V (1770) intr_alloc: esp_intr_alloc_intrstatus (cpu 1): checking args[0m
V (1780) intr_alloc: esp_intr_alloc_intrstatus (cpu 1): Args okay. Resulting flags 0xE[0m
D (1780) intr_alloc: Connected src 43 to int 4 (cpu 1)[0m
D (1790) camera: Searching for camera address[0m
[0;32mI (1800) camera: Detected camera at address=0x30[0m
[0;32mI (1800) camera: Detected OV2640 camera[0m
D (1800) ov2640: OV2640 Attached[0m
[0;32mI (1810) camera: Camera PID=0x26 VER=0x42 MIDL=0x7f MIDH=0xa2[0m
D (1810) camera: Doing SW reset of sensor[0m
[0;32mI (1910) s3 ll_cam: node_size: 3840, nodes_per_line: 1, lines_per_node: 12[0m
[0;32mI (1910) s3 ll_cam: dma_half_buffer_min:  3840, dma_half_buffer:  7680, lines_per_half_buffer: 24, dma_buffer_size: 15360[0m
[0;32mI (1910) cam_hal: buffer_size: 15360, half_buffer_size: 7680, node_buffer_size: 3840, node_cnt: 4, total_cnt: 5[0m
[0;32mI (1930) cam_hal: Allocating 38400 Byte frame buffer in PSRAM[0m
[0;32mI (1930) cam_hal: Allocating 38400 Byte frame buffer in PSRAM[0m
V (1940) intr_alloc: esp_intr_alloc_intrstatus (cpu 1): checking args[0m
V (1940) intr_alloc: esp_intr_alloc_intrstatus (cpu 1): Args okay. Resulting flags 0x50E[0m
D (1950) intr_alloc: Connected src 66 to int 9 (cpu 1)[0m
V (1960) intr_alloc: esp_intr_alloc_intrstatus (cpu 1): checking args[0m
V (1960) intr_alloc: esp_intr_alloc_intrstatus (cpu 1): Args okay. Resulting flags 0x50E[0m
D (1970) intr_alloc: Connected src 24 to int 9 (cpu 1)[0m
[0;32mI (1980) cam_hal: cam config ok[0m
D (1980) camera: Setting frame size to 160x120[0m
[0;32mI (1990) ov2640: Set PLL: clk_2x: 1, clk_div: 3, pclk_auto: 1, pclk_div: 8[0m
[0;32mI (2070) example:take_picture: Taking picture...[0m
[0;32mI (2210) example:take_picture: Picture taken! Its size was: 38400 bytes[0m
D (2210) HTTP_CLIENT: set post file length = 38432[0m
D (2210) HTTP_CLIENT: Begin connect to: https://api.cloudinary.com:443[0m
D (2210) esp-tls: host:api.cloudinary.com: strlen 18[0m

assert failed: tcpip_send_msg_wait_sem /IDF/components/lwip/lwip/src/api/tcpip.c:449 (Invalid mbox)


Backtrace: 0x40375c8a:0x3fcaa7a0 0x4037c46d:0x3fcaa7c0 0x403832f1:0x3fcaa7e0 0x42020202:0x3fcaa900 0x4202cd61:0x3fcaa930 0x4204a5d9:0x3fcaa970 0x4202f6c1:0x3fcaa9c0 0x4202faa7:0x3fcaaa20 0x4202fda6:0x3fcaaa90 0x42030111:0x3fcaaad0 0x4201d646:0x3fcaab00 0x42059c99:0x3fcaab30 0x42016375:0x3fcaab50 0x4201713c:0x3fcaab90 0x4200af37:0x3fcaabc0 0x4200b006:0x3fcaac80 0x4037cf41:0x3fcaaca0




ELF file SHA256: ddc03df51

Rebooting...
ESP-ROM:esp32s3-20210327
Build:Mar 27 2021
rst:0xc (RTC_SW_CPU_RST),boot:0x2a (SPI_FAST_FLASH_BOOT)
Saved PC:0x40379782
SPIWP:0xee
mode:DIO, clock div:1
load:0x3fce3810,len:0x178c
load:0x403c9700,len:0x4
load:0x403c9704,len:0xcbc
load:0x403cc700,len:0x2d9c
entry 0x403c9914
[0;32mI (26) boot: ESP-IDF v5.2.2-dirty 2nd stage bootloader[0m
[0;32mI (26) boot: compile time Oct  3 2024 10:22:40[0m
[0;32mI (27) boot: Multicore bootloader[0m
[0;32mI (30) boot: chip revision: v0.2[0m
[0;32mI (34) boot.esp32s3: Boot SPI Speed : 80MHz[0m
[0;32mI (38) boot.esp32s3: SPI Mode       : DIO[0m
[0;32mI (43) boot.esp32s3: SPI Flash Size : 2MB[0m
[0;32mI (48) boot: Enabling RNG early entropy source...[0m
[0;32mI (53) boot: Partition Table:[0m
[0;32mI (57) boot: ## Label            Usage          Type ST Offset   Length[0m
[0;32mI (64) boot:  0 nvs              WiFi data        01 02 00009000 00006000[0m
[0;32mI (72) boot:  1 phy_init         RF data          01 01 0000f000 00001000[0m
[0;32mI (79) boot:  2 factory          factory app      00 00 00010000 00100000[0m
[0;32mI (87) boot: End of partition table[0m
[0;32mI (91) esp_image: segment 0: paddr=00010020 vaddr=3c060020 size=23e38h (147000) map[0m
[0;32mI (126) esp_image: segment 1: paddr=00033e60 vaddr=3fc95500 size=03244h ( 12868) load[0m
[0;32mI (129) esp_image: segment 2: paddr=000370ac vaddr=40374000 size=08f6ch ( 36716) load[0m
[0;32mI (140) esp_image: segment 3: paddr=00040020 vaddr=42000020 size=5ea7ch (387708) map[0m
[0;32mI (210) esp_image: segment 4: paddr=0009eaa4 vaddr=4037cf6c size=084f0h ( 34032) load[0m
[0;32mI (225) boot: Loaded app from partition at offset 0x10000[0m
[0;32mI (225) boot: Disabling RNG early entropy source...[0m
[0;32mI (236) cpu_start: Multicore app[0m
V (237) mmap: after coalescing, 1 regions are left[0m
[0;32mI (237) octal_psram: vendor id    : 0x0d (AP)[0m
[0;32mI (239) octal_psram: dev id       : 0x02 (generation 3)[0m
[0;32mI (245) octal_psram: density      : 0x03 (64 Mbit)[0m
[0;32mI (250) octal_psram: good-die     : 0x01 (Pass)[0m
[0;32mI (255) octal_psram: Latency      : 0x01 (Fixed)[0m
[0;32mI (261) octal_psram: VCC          : 0x01 (3V)[0m
[0;32mI (266) octal_psram: SRF          : 0x01 (Fast Refresh)[0m
[0;32mI (272) octal_psram: BurstType    : 0x01 (Hybrid Wrap)[0m
[0;32mI (278) octal_psram: BurstLen     : 0x01 (32 Byte)[0m
[0;32mI (283) octal_psram: Readlatency  : 0x02 (10 cycles@Fixed)[0m
[0;32mI (289) octal_psram: DriveStrength: 0x00 (1/1)[0m
[0;32mI (294) esp_psram: Found 8MB PSRAM device[0m
[0;32mI (299) esp_psram: Speed: 40MHz[0m
V (303) mmap: found laddr is 0x90000[0m
V (306) esp_psram: 8bit-aligned-region: actual_mapped_len is 0x800000 bytes[0m
V (313) esp_psram: 8bit-aligned-range: 0x800000 B, starting from: 0x3c090000[0m
D (321) cpu_start: Pro cpu up[0m
D (324) cpu_start: Starting app cpu, entry point is 0x40375498[0m
D (310) cpu_start: App cpu up[0m
V CACHE_ERR: illegal error intr clr & ena mask is: 0x3f
V CACHE_ERR: core 1 access error intr clr & ena mask is: 0x1f
[0;32mI (1061) esp_psram: SPI SRAM memory test OK[0m
D (1069) clk: RTC_SLOW_CLK calibration value: 3808461[0m
V CACHE_ERR: illegal error intr clr & ena mask is: 0x3f
V CACHE_ERR: core 0 access error intr clr & ena mask is: 0x1f
[0;32mI (1075) cpu_start: Pro cpu start user code[0m
[0;32mI (1078) cpu_start: cpu freq: 160000000 Hz[0m
[0;32mI (1083) cpu_start: Application information:[0m
[0;32mI (1088) cpu_start: Project name:     netstick-test[0m
[0;32mI (1093) cpu_start: App version:      02fd1a5-dirty[0m
[0;32mI (1099) cpu_start: Compile time:     Oct  7 2024 11:11:02[0m
[0;32mI (1105) cpu_start: ELF file SHA256:  ddc03df51...[0m
[0;32mI (1111) cpu_start: ESP-IDF:          v5.2.2-dirty[0m
[0;32mI (1116) cpu_start: Min chip rev:     v0.0[0m
[0;32mI (1121) cpu_start: Max chip rev:     v0.99 [0m
[0;32mI (1126) cpu_start: Chip rev:         v0.2[0m
V (1131) memory_layout: reserved range is 0x3c083e10 - 0x3c083e40[0m
D (1137) memory_layout: Checking 7 reserved memory ranges:[0m
D (1142) memory_layout: Reserved memory range 0x3c000000 - 0x3e000000[0m
D (1149) memory_layout: Reserved memory range 0x3fc84000 - 0x3fc95500[0m
D (1155) memory_layout: Reserved memory range 0x3fc95500 - 0x3fc99f60[0m
D (1162) memory_layout: Reserved memory range 0x3fceee34 - 0x3fcf0000[0m
D (1168) memory_layout: Reserved memory range 0x40374000 - 0x40385500[0m
D (1175) memory_layout: Reserved memory range 0x600fe000 - 0x600fe010[0m
D (1181) memory_layout: Reserved memory range 0x600fffe8 - 0x60100000[0m
D (1188) memory_layout: Building list of available memory regions:[0m
V (1194) memory_layout: Examining memory region 0x3fc88000 - 0x3fc90000[0m
V (1201) memory_layout: Region 0x3fc88000 - 0x3fc90000 inside of reserved 0x3fc84000 - 0x3fc95500[0m
V (1210) memory_layout: Examining memory region 0x3fc90000 - 0x3fca0000[0m
V (1216) memory_layout: Start of region 0x3fc90000 - 0x3fca0000 overlaps reserved 0x3fc84000 - 0x3fc95500[0m
V (1226) memory_layout: Start of region 0x3fc95500 - 0x3fca0000 overlaps reserved 0x3fc95500 - 0x3fc99f60[0m
D (1236) memory_layout: Available memory region 0x3fc99f60 - 0x3fca0000[0m
V (1242) memory_layout: Examining memory region 0x3fca0000 - 0x3fcb0000[0m
D (1249) memory_layout: Available memory region 0x3fca0000 - 0x3fcb0000[0m
V (1256) memory_layout: Examining memory region 0x3fcb0000 - 0x3fcc0000[0m
D (1262) memory_layout: Available memory region 0x3fcb0000 - 0x3fcc0000[0m
V (1269) memory_layout: Examining memory region 0x3fcc0000 - 0x3fcd0000[0m
D (1276) memory_layout: Available memory region 0x3fcc0000 - 0x3fcd0000[0m
V (1282) memory_layout: Examining memory region 0x3fcd0000 - 0x3fce0000[0m
D (1289) memory_layout: Available memory region 0x3fcd0000 - 0x3fce0000[0m
V (1296) memory_layout: Examining memory region 0x3fce0000 - 0x3fce9710[0m
D (1303) memory_layout: Available memory region 0x3fce0000 - 0x3fce9710[0m
V (1309) memory_layout: Examining memory region 0x3fce9710 - 0x3fcf0000[0m
V (1316) memory_layout: End of region 0x3fce9710 - 0x3fcf0000 overlaps reserved 0x3fceee34 - 0x3fcf0000[0m
D (1325) memory_layout: Available memory region 0x3fce9710 - 0x3fceee34[0m
V (1332) memory_layout: Examining memory region 0x3fcf0000 - 0x3fcf8000[0m
D (1339) memory_layout: Available memory region 0x3fcf0000 - 0x3fcf8000[0m
V (1345) memory_layout: Examining memory region 0x3c000000 - 0x3e000000[0m
V (1352) memory_layout: Region 0x3c000000 - 0x3e000000 inside of reserved 0x3c000000 - 0x3e000000[0m
V (1361) memory_layout: Examining memory region 0x600fe000 - 0x60100000[0m
V (1368) memory_layout: Start of region 0x600fe000 - 0x60100000 overlaps reserved 0x600fe000 - 0x600fe010[0m
V (1377) memory_layout: End of region 0x600fe010 - 0x60100000 overlaps reserved 0x600fffe8 - 0x60100000[0m
D (1387) memory_layout: Available memory region 0x600fe010 - 0x600fffe8[0m
[0;32mI (1394) heap_init: Initializing. RAM available for dynamic allocation:[0m
D (1401) heap_init: New heap initialised at 0x3fc99f60[0m
[0;32mI (1406) heap_init: At 3FC99F60 len 0004F7B0 (317 KiB): RAM[0m
[0;32mI (1412) heap_init: At 3FCE9710 len 00005724 (21 KiB): RAM[0m
D (1418) heap_init: New heap initialised at 0x3fcf0000[0m
[0;32mI (1424) heap_init: At 3FCF0000 len 00008000 (32 KiB): DRAM[0m
D (1430) heap_init: New heap initialised at 0x600fe010[0m
[0;32mI (1435) heap_init: At 600FE010 len 00001FD8 (7 KiB): RTCRAM[0m
[0;32mI (1442) esp_psram: Adding pool of 8192K of PSRAM memory to heap allocator[0m
V (1449) intr_alloc: esp_intr_alloc_intrstatus (cpu 0): checking args[0m
V (1455) intr_alloc: esp_intr_alloc_intrstatus (cpu 0): Args okay. Resulting flags 0x40E[0m
D (1464) intr_alloc: Connected src 39 to int 2 (cpu 0)[0m
V (1469) memspi: raw_chip_id: 1740C8
[0m
V (1473) memspi: chip_id: C84017
[0m
V (1476) memspi: raw_chip_id: 1740C8
[0m
V (1480) memspi: chip_id: C84017
[0m
D (1483) spi_flash: trying chip: issi[0m
D (1487) spi_flash: trying chip: gd[0m
[0;32mI (1491) spi_flash: detected chip: gd[0m
[0;32mI (1495) spi_flash: flash io: dio[0m
[0;33mW (1499) spi_flash: Detected size(8192k) larger than the size in the binary image header(2048k). Using the size in the binary image header.[0m
D (1512) cpu_start: calling init function: 0x4204aa74[0m
D (1518) cpu_start: calling init function: 0x42042434[0m
D (1523) cpu_start: calling init function: 0x42012298[0m
D (1528) cpu_start: calling init function: 0x4201143c[0m
[0;33mW (1533) i2c: This driver is an old driver, please migrate your application code to adapt `driver/i2c_master.h`[0m
D (1543) cpu_start: calling init function: 0x4037a9ec[0m
D (1549) cpu_start: calling init function: 0x42003000[0m
D (1554) cpu_start: calling init function: 0x4200856c on core: 0[0m
V (1560) intr_alloc: esp_intr_alloc_intrstatus (cpu 0): checking args[0m
V (1566) intr_alloc: esp_intr_alloc_intrstatus (cpu 0): Args okay. Resulting flags 0xC02[0m
D (1575) intr_alloc: Connected src 59 to int 3 (cpu 0)[0m
D (1580) cpu_start: calling init function: 0x42005f98 on core: 0[0m
[0;32mI (1586) sleep: Configure to isolate all GPIO pins in sleep state[0m
[0;32mI (1593) sleep: Enable automatic switching of GPIO sleep configuration[0m
D (1600) cpu_start: calling init function: 0x4200415c on core: 0[0m
V (1606) intr_alloc: esp_intr_alloc_intrstatus (cpu 0): checking args[0m
V (1612) intr_alloc: esp_intr_alloc_intrstatus (cpu 0): Args okay. Resulting flags 0x40E[0m
D (1621) intr_alloc: Connected src 79 to int 9 (cpu 0)[0m
D (1626) app_start: Starting scheduler on CPU0[0m
V (1630) intr_alloc: esp_intr_alloc_intrstatus (cpu 0): checking args[0m
V (1630) intr_alloc: esp_intr_alloc_intrstatus (cpu 0): Args okay. Resulting flags 0x402[0m
D (1630) intr_alloc: Connected src 57 to int 12 (cpu 0)[0m
V (1630) intr_alloc: esp_intr_alloc_intrstatus (cpu 1): checking args[0m
V (1640) intr_alloc: esp_intr_alloc_intrstatus (cpu 1): Args okay. Resulting flags 0x40E[0m
D (1640) intr_alloc: Connected src 80 to int 2 (cpu 1)[0m
D (1650) app_start: Starting scheduler on CPU1[0m
V (1650) intr_alloc: esp_intr_alloc_intrstatus (cpu 1): checking args[0m
V (1660) intr_alloc: esp_intr_alloc_intrstatus (cpu 1): Args okay. Resulting flags 0x402[0m
D (1670) intr_alloc: Connected src 58 to int 3 (cpu 1)[0m
[0;32mI (1630) main_task: Started on CPU0[0m
D (1680) heap_init: New heap initialised at 0x3fce9710[0m
[0;32mI (1680) esp_psram: Reserving pool of 32K of internal memory for DMA/internal allocations[0m
D (1690) esp_psram: Allocating block of size 32768 bytes[0m
V (1700) intr_alloc: esp_intr_alloc_intrstatus (cpu 0): checking args[0m
V (1700) intr_alloc: esp_intr_alloc_intrstatus (cpu 0): Args okay. Resulting flags 0xE[0m
D (1710) intr_alloc: Connected src 52 to int 13 (cpu 0)[0m
[0;32mI (1720) main_task: Calling app_main()[0m
[0;32mI (1720) main_task: Returned from app_main()[0m
[0;32mI (1720) example:take_picture: Initializing camera...[0m
D (1730) gdma: new group (0) at 0x3c090b9c[0m
D (1740) gdma: new pair (0,0) at 0x3c090c28[0m
D (1740) gdma: new rx channel (0,0) at 0x3c090b5c[0m
[0;32mI (1750) s3 ll_cam: DMA Channel=0[0m
[0;32mI (1750) cam_hal: cam init ok[0m
D (1750) camera: Enabling XCLK output[0m
D (1760) camera: Initializing SCCB[0m
[0;32mI (1760) sccb: pin_sda 4 pin_scl 5[0m
[0;32mI (1770) sccb: sccb_i2c_port=1[0m
V (1770) intr_alloc: esp_intr_alloc_intrstatus (cpu 1): checking args[0m
V (1780) intr_alloc: esp_intr_alloc_intrstatus (cpu 1): Args okay. Resulting flags 0xE[0m
D (1780) intr_alloc: Connected src 43 to int 4 (cpu 1)[0m
D (1790) camera: Searching for camera address[0m
[0;32mI (1800) camera: Detected camera at address=0x30[0m
[0;32mI (1800) camera: Detected OV2640 camera[0m
D (1800) ov2640: OV2640 Attached[0m
[0;32mI (1810) camera: Camera PID=0x26 VER=0x42 MIDL=0x7f MIDH=0xa2[0m
D (1810) camera: Doing SW reset of sensor[0m
[0;32mI (1910) s3 ll_cam: node_size: 3840, nodes_per_line: 1, lines_per_node: 12[0m
[0;32mI (1910) s3 ll_cam: dma_half_buffer_min:  3840, dma_half_buffer:  7680, lines_per_half_buffer: 24, dma_buffer_size: 15360[0m
[0;32mI (1910) cam_hal: buffer_size: 15360, half_buffer_size: 7680, node_buffer_size: 3840, node_cnt: 4, total_cnt: 5[0m
[0;32mI (1930) cam_hal: Allocating 38400 Byte frame buffer in PSRAM[0m
[0;32mI (1930) cam_hal: Allocating 38400 Byte frame buffer in PSRAM[0m
V (1940) intr_alloc: esp_intr_alloc_intrstatus (cpu 1): checking args[0m
V (1940) intr_alloc: esp_intr_alloc_intrstatus (cpu 1): Args okay. Resulting flags 0x50E[0m
D (1950) intr_alloc: Connected src 66 to int 9 (cpu 1)[0m
V (1960) intr_alloc: esp_intr_alloc_intrstatus (cpu 1): checking args[0m
V (1960) intr_alloc: esp_intr_alloc_intrstatus (cpu 1): Args okay. Resulting flags 0x50E[0m
D (1970) intr_alloc: Connected src 24 to int 9 (cpu 1)[0m
[0;32mI (1980) cam_hal: cam config ok[0m
D (1980) camera: Setting frame size to 160x120[0m
[0;32mI (1990) ov2640: Set PLL: clk_2x: 1, clk_div: 3, pclk_auto: 1, pclk_div: 8[0m
[0;32mI (2070) example:take_picture: Taking picture...[0m
[0;32mI (2210) example:take_picture: Picture taken! Its size was: 38400 bytes[0m
D (2210) HTTP_CLIENT: set post file length = 38432[0m
D (2210) HTTP_CLIENT: Begin connect to: https://api.cloudinary.com:443[0m
D (2210) esp-tls: host:api.cloudinary.com: strlen 18[0m

assert failed: tcpip_send_msg_wait_sem /IDF/components/lwip/lwip/src/api/tcpip.c:449 (Invalid mbox)


Backtrace: 0x40375c8a:0x3fcaa7a0 0x4037c46d:0x3fcaa7c0 0x403832f1:0x3fcaa7e0 0x42020202:0x3fcaa900 0x4202cd61:0x3fcaa930 0x4204a5d9:0x3fcaa970 0x4202f6c1:0x3fcaa9c0 0x4202faa7:0x3fcaaa20 0x4202fda6:0x3fcaaa90 0x42030111:0x3fcaaad0 0x4201d646:0x3fcaab00 0x42059c99:0x3fcaab30 0x42016375:0x3fcaab50 0x4201713c:0x3fcaab90 0x4200af37:0x3fcaabc0 0x4200b006:0x3fcaac80 0x4037cf41:0x3fcaaca0




ELF file SHA256: ddc03df51

Rebooting...
ESP-ROM:esp32s3-20210327
Build:Mar 27 2021
rst:0xc (RTC_SW_CPU_RST),boot:0x2a (SPI_FAST_FLASH_BOOT)
Saved PC:0x40379782
SPIWP:0xee
mode:DIO, clock div:1
load:0x3fce3810,len:0x178c
load:0x403c9700,len:0x4
load:0x403c9704,len:0xcbc
load:0x403cc700,len:0x2d9c
entry 0x403c9914
[0;32mI (26) boot: ESP-IDF v5.2.2-dirty 2nd stage bootloader[0m
[0;32mI (26) boot: compile time Oct  3 2024 10:22:40[0m
[0;32mI (27) boot: Multicore bootloader[0m
[0;32mI (30) boot: chip revision: v0.2[0m
[0;32mI (34) boot.esp32s3: Boot SPI Speed : 80MHz[0m
[0;32mI (38) boot.esp32s3: SPI Mode       : DIO[0m
[0;32mI (43) boot.esp32s3: SPI Flash Size : 2MB[0m
[0;32mI (48) boot: Enabling RNG early entropy source...[0m
[0;32mI (53) boot: Partition Table:[0m
[0;32mI (57) boot: ## Label            Usage          Type ST Offset   Length[0m
[0;32mI (64) boot:  0 nvs              WiFi data        01 02 00009000 00006000[0m
[0;32mI (72) boot:  1 phy_init         RF data          01 01 0000f000 00001000[0m
[0;32mI (79) boot:  2 factory          factory app      00 00 00010000 00100000[0m
[0;32mI (87) boot: End of partition table[0m
[0;32mI (91) esp_image: segment 0: paddr=00010020 vaddr=3c060020 size=23e38h (147000) map[0m
[0;32mI (126) esp_image: segment 1: paddr=00033e60 vaddr=3fc95500 size=03244h ( 12868) load[0m
[0;32mI (129) esp_image: segment 2: paddr=000370ac vaddr=40374000 size=08f6ch ( 36716) load[0m
[0;32mI (140) esp_image: segment 3: paddr=00040020 vaddr=42000020 size=5ea7ch (387708) map[0m
[0;32mI (210) esp_image: segment 4: paddr=0009eaa4 vaddr=4037cf6c size=084f0h ( 34032) load[0m
[0;32mI (225) boot: Loaded app from partition at offset 0x10000[0m
[0;32mI (225) boot: Disabling RNG early entropy source...[0m
[0;32mI (236) cpu_start: Multicore app[0m
V (237) mmap: after coalescing, 1 regions are left[0m
[0;32mI (237) octal_psram: vendor id    : 0x0d (AP)[0m
[0;32mI (239) octal_psram: dev id       : 0x02 (generation 3)[0m
[0;32mI (245) octal_psram: density      : 0x03 (64 Mbit)[0m
[0;32mI (250) octal_psram: good-die     : 0x01 (Pass)[0m
[0;32mI (255) octal_psram: Latency      : 0x01 (Fixed)[0m
[0;32mI (261) octal_psram: VCC          : 0x01 (3V)[0m
[0;32mI (266) octal_psram: SRF          : 0x01 (Fast Refresh)[0m
[0;32mI (272) octal_psram: BurstType    : 0x01 (Hybrid Wrap)[0m
[0;32mI (278) octal_psram: BurstLen     : 0x01 (32 Byte)[0m
[0;32mI (283) octal_psram: Readlatency  : 0x02 (10 cycles@Fixed)[0m
[0;32mI (289) octal_psram: DriveStrength: 0x00 (1/1)[0m
[0;32mI (294) esp_psram: Found 8MB PSRAM device[0m
[0;32mI (299) esp_psram: Speed: 40MHz[0m
V (303) mmap: found laddr is 0x90000[0m
V (306) esp_psram: 8bit-aligned-region: actual_mapped_len is 0x800000 bytes[0m
V (313) esp_psram: 8bit-aligned-range: 0x800000 B, starting from: 0x3c090000[0m
D (321) cpu_start: Pro cpu up[0m
D (324) cpu_start: Starting app cpu, entry point is 0x40375498[0m
D (310) cpu_start: App cpu up[0m
V CACHE_ERR: illegal error intr clr & ena mask is: 0x3f
V CACHE_ERR: core 1 access error intr clr & ena mask is: 0x1f
[0;32mI (1061) esp_psram: SPI SRAM memory test OK[0m
D (1069) clk: RTC_SLOW_CLK calibration value: 3806925[0m
V CACHE_ERR: illegal error intr clr & ena mask is: 0x3f
V CACHE_ERR: core 0 access error intr clr & ena mask is: 0x1f
[0;32mI (1075) cpu_start: Pro cpu start user code[0m
[0;32mI (1078) cpu_start: cpu freq: 160000000 Hz[0m
[0;32mI (1083) cpu_start: Application information:[0m
[0;32mI (1088) cpu_start: Project name:     netstick-test[0m
[0;32mI (1093) cpu_start: App version:      02fd1a5-dirty[0m
[0;32mI (1099) cpu_start: Compile time:     Oct  7 2024 11:11:02[0m
[0;32mI (1105) cpu_start: ELF file SHA256:  ddc03df51...[0m
[0;32mI (1111) cpu_start: ESP-IDF:          v5.2.2-dirty[0m
[0;32mI (1116) cpu_start: Min chip rev:     v0.0[0m
[0;32mI (1121) cpu_start: Max chip rev:     v0.99 [0m
[0;32mI (1126) cpu_start: Chip rev:         v0.2[0m
V (1131) memory_layout: reserved range is 0x3c083e10 - 0x3c083e40[0m
D (1137) memory_layout: Checking 7 reserved memory ranges:[0m
D (1142) memory_layout: Reserved memory range 0x3c000000 - 0x3e000000[0m
D (1149) memory_layout: Reserved memory range 0x3fc84000 - 0x3fc95500[0m
D (1155) memory_layout: Reserved memory range 0x3fc95500 - 0x3fc99f60[0m
D (1162) memory_layout: Reserved memory range 0x3fceee34 - 0x3fcf0000[0m
D (1168) memory_layout: Reserved memory range 0x40374000 - 0x40385500[0m
D (1175) memory_layout: Reserved memory range 0x600fe000 - 0x600fe010[0m
D (1181) memory_layout: Reserved memory range 0x600fffe8 - 0x60100000[0m
D (1188) memory_layout: Building list of available memory regions:[0m
V (1194) memory_layout: Examining memory region 0x3fc88000 - 0x3fc90000[0m
V (1201) memory_layout: Region 0x3fc88000 - 0x3fc90000 inside of reserved 0x3fc84000 - 0x3fc95500[0m
V (1210) memory_layout: Examining memory region 0x3fc90000 - 0x3fca0000[0m
V (1216) memory_layout: Start of region 0x3fc90000 - 0x3fca0000 overlaps reserved 0x3fc84000 - 0x3fc95500[0m
V (1226) memory_layout: Start of region 0x3fc95500 - 0x3fca0000 overlaps reserved 0x3fc95500 - 0x3fc99f60[0m
D (1236) memory_layout: Available memory region 0x3fc99f60 - 0x3fca0000[0m
V (1242) memory_layout: Examining memory region 0x3fca0000 - 0x3fcb0000[0m
D (1249) memory_layout: Available memory region 0x3fca0000 - 0x3fcb0000[0m
V (1256) memory_layout: Examining memory region 0x3fcb0000 - 0x3fcc0000[0m
D (1262) memory_layout: Available memory region 0x3fcb0000 - 0x3fcc0000[0m
V (1269) memory_layout: Examining memory region 0x3fcc0000 - 0x3fcd0000[0m
D (1276) memory_layout: Available memory region 0x3fcc0000 - 0x3fcd0000[0m
V (1282) memory_layout: Examining memory region 0x3fcd0000 - 0x3fce0000[0m
D (1289) memory_layout: Available memory region 0x3fcd0000 - 0x3fce0000[0m
V (1296) memory_layout: Examining memory region 0x3fce0000 - 0x3fce9710[0m
D (1303) memory_layout: Available memory region 0x3fce0000 - 0x3fce9710[0m
V (1309) memory_layout: Examining memory region 0x3fce9710 - 0x3fcf0000[0m
V (1316) memory_layout: End of region 0x3fce9710 - 0x3fcf0000 overlaps reserved 0x3fceee34 - 0x3fcf0000[0m
D (1325) memory_layout: Available memory region 0x3fce9710 - 0x3fceee34[0m
V (1332) memory_layout: Examining memory region 0x3fcf0000 - 0x3fcf8000[0m
D (1339) memory_layout: Available memory region 0x3fcf0000 - 0x3fcf8000[0m
V (1345) memory_layout: Examining memory region 0x3c000000 - 0x3e000000[0m
V (1352) memory_layout: Region 0x3c000000 - 0x3e000000 inside of reserved 0x3c000000 - 0x3e000000[0m
V (1361) memory_layout: Examining memory region 0x600fe000 - 0x60100000[0m
V (1368) memory_layout: Start of region 0x600fe000 - 0x60100000 overlaps reserved 0x600fe000 - 0x600fe010[0m
V (1377) memory_layout: End of region 0x600fe010 - 0x60100000 overlaps reserved 0x600fffe8 - 0x60100000[0m
D (1387) memory_layout: Available memory region 0x600fe010 - 0x600fffe8[0m
[0;32mI (1394) heap_init: Initializing. RAM available for dynamic allocation:[0m
D (1401) heap_init: New heap initialised at 0x3fc99f60[0m
[0;32mI (1406) heap_init: At 3FC99F60 len 0004F7B0 (317 KiB): RAM[0m
[0;32mI (1412) heap_init: At 3FCE9710 len 00005724 (21 KiB): RAM[0m
D (1418) heap_init: New heap initialised at 0x3fcf0000[0m
[0;32mI (1424) heap_init: At 3FCF0000 len 00008000 (32 KiB): DRAM[0m
D (1430) heap_init: New heap initialised at 0x600fe010[0m
[0;32mI (1435) heap_init: At 600FE010 len 00001FD8 (7 KiB): RTCRAM[0m
[0;32mI (1442) esp_psram: Adding pool of 8192K of PSRAM memory to heap allocator[0m
V (1449) intr_alloc: esp_intr_alloc_intrstatus (cpu 0): checking args[0m
V (1455) intr_alloc: esp_intr_alloc_intrstatus (cpu 0): Args okay. Resulting flags 0x40E[0m
D (1464) intr_alloc: Connected src 39 to int 2 (cpu 0)[0m
V (1469) memspi: raw_chip_id: 1740C8
[0m
V (1473) memspi: chip_id: C84017
[0m
V (1476) memspi: raw_chip_id: 1740C8
[0m
V (1480) memspi: chip_id: C84017
[0m
D (1483) spi_flash: trying chip: issi[0m
D (1487) spi_flash: trying chip: gd[0m
[0;32mI (1491) spi_flash: detected chip: gd[0m
[0;32mI (1495) spi_flash: flash io: dio[0m
[0;33mW (1499) spi_flash: Detected size(8192k) larger than the size in the binary image header(2048k). Using the size in the binary image header.[0m
D (1512) cpu_start: calling init function: 0x4204aa74[0m
D (1518) cpu_start: calling init function: 0x42042434[0m
D (1523) cpu_start: calling init function: 0x42012298[0m
D (1528) cpu_start: calling init function: 0x4201143c[0m
[0;33mW (1533) i2c: This driver is an old driver, please migrate your application code to adapt `driver/i2c_master.h`[0m
D (1543) cpu_start: calling init function: 0x4037a9ec[0m
D (1549) cpu_start: calling init function: 0x42003000[0m
D (1554) cpu_start: calling init function: 0x4200856c on core: 0[0m
V (1560) intr_alloc: esp_intr_alloc_intrstatus (cpu 0): checking args[0m
V (1566) intr_alloc: esp_intr_alloc_intrstatus (cpu 0): Args okay. Resulting flags 0xC02[0m
D (1575) intr_alloc: Connected src 59 to int 3 (cpu 0)[0m
D (1580) cpu_start: calling init function: 0x42005f98 on core: 0[0m
[0;32mI (1586) sleep: Configure to isolate all GPIO pins in sleep state[0m
[0;32mI (1593) sleep: Enable automatic switching of GPIO sleep configuration[0m
D (1600) cpu_start: calling init function: 0x4200415c on core: 0[0m
V (1606) intr_alloc: esp_intr_alloc_intrstatus (cpu 0): checking args[0m
V (1612) intr_alloc: esp_intr_alloc_intrstatus (cpu 0): Args okay. Resulting flags 0x40E[0m
D (1621) intr_alloc: Connected src 79 to int 9 (cpu 0)[0m
D (1626) app_start: Starting scheduler on CPU0[0m
V (1630) intr_alloc: esp_intr_alloc_intrstatus (cpu 0): checking args[0m
V (1630) intr_alloc: esp_intr_alloc_intrstatus (cpu 0): Args okay. Resulting flags 0x402[0m
D (1630) intr_alloc: Connected src 57 to int 12 (cpu 0)[0m
V (1630) intr_alloc: esp_intr_alloc_intrstatus (cpu 1): checking args[0m
V (1640) intr_alloc: esp_intr_alloc_intrstatus (cpu 1): Args okay. Resulting flags 0x40E[0m
D (1640) intr_alloc: Connected src 80 to int 2 (cpu 1)[0m
D (1650) app_start: Starting scheduler on CPU1[0m
V (1650) intr_alloc: esp_intr_alloc_intrstatus (cpu 1): checking args[0m
V (1660) intr_alloc: esp_intr_alloc_intrstatus (cpu 1): Args okay. Resulting flags 0x402[0m
D (1670) intr_alloc: Connected src 58 to int 3 (cpu 1)[0m
[0;32mI (1630) main_task: Started on CPU0[0m
D (1680) heap_init: New heap initialised at 0x3fce9710[0m
[0;32mI (1680) esp_psram: Reserving pool of 32K of internal memory for DMA/internal allocations[0m
D (1690) esp_psram: Allocating block of size 32768 bytes[0m
V (1700) intr_alloc: esp_intr_alloc_intrstatus (cpu 0): checking args[0m
V (1700) intr_alloc: esp_intr_alloc_intrstatus (cpu 0): Args okay. Resulting flags 0xE[0m
D (1710) intr_alloc: Connected src 52 to int 13 (cpu 0)[0m
[0;32mI (1720) main_task: Calling app_main()[0m
[0;32mI (1720) main_task: Returned from app_main()[0m
[0;32mI (1720) example:take_picture: Initializing camera...[0m
D (1730) gdma: new group (0) at 0x3c090b9c[0m
D (1740) gdma: new pair (0,0) at 0x3c090c28[0m
D (1740) gdma: new rx channel (0,0) at 0x3c090b5c[0m
[0;32mI (1750) s3 ll_cam: DMA Channel=0[0m
[0;32mI (1750) cam_hal: cam init ok[0m
D (1750) camera: Enabling XCLK output[0m
D (1760) camera: Initializing SCCB[0m
[0;32mI (1760) sccb: pin_sda 4 pin_scl 5[0m
[0;32mI (1770) sccb: sccb_i2c_port=1[0m
V (1770) intr_alloc: esp_intr_alloc_intrstatus (cpu 1): checking args[0m
V (1780) intr_alloc: esp_intr_alloc_intrstatus (cpu 1): Args okay. Resulting flags 0xE[0m
D (1780) intr_alloc: Connected src 43 to int 4 (cpu 1)[0m
D (1790) camera: Searching for camera address[0m
[0;32mI (1800) camera: Detected camera at address=0x30[0m
[0;32mI (1800) camera: Detected OV2640 camera[0m
D (1800) ov2640: OV2640 Attached[0m
[0;32mI (1810) camera: Camera PID=0x26 VER=0x42 MIDL=0x7f MIDH=0xa2[0m
D (1810) camera: Doing SW reset of sensor[0m
[0;32mI (1910) s3 ll_cam: node_size: 3840, nodes_per_line: 1, lines_per_node: 12[0m
[0;32mI (1910) s3 ll_cam: dma_half_buffer_min:  3840, dma_half_buffer:  7680, lines_per_half_buffer: 24, dma_buffer_size: 15360[0m
[0;32mI (1910) cam_hal: buffer_size: 15360, half_buffer_size: 7680, node_buffer_size: 3840, node_cnt: 4, total_cnt: 5[0m
[0;32mI (1930) cam_hal: Allocating 38400 Byte frame buffer in PSRAM[0m
[0;32mI (1930) cam_hal: Allocating 38400 Byte frame buffer in PSRAM[0m
V (1940) intr_alloc: esp_intr_alloc_intrstatus (cpu 1): checking args[0m
V (1940) intr_alloc: esp_intr_alloc_intrstatus (cpu 1): Args okay. Resulting flags 0x50E[0m
D (1950) intr_alloc: Connected src 66 to int 9 (cpu 1)[0m
V (1960) intr_alloc: esp_intr_alloc_intrstatus (cpu 1): checking args[0m
V (1960) intr_alloc: esp_intr_alloc_intrstatus (cpu 1): Args okay. Resulting flags 0x50E[0m
D (1970) intr_alloc: Connected src 24 to int 9 (cpu 1)[0m
[0;32mI (1980) cam_hal: cam config ok[0m
D (1980) camera: Setting frame size to 160x120[0m
[0;32mI (1990) ov2640: Set PLL: clk_2x: 1, clk_div: 3, pclk_auto: 1, pclk_div: 8[0m
[0;32mI (2070) example:take_picture: Taking picture...[0m
[0;32mI (2210) example:take_picture: Picture taken! Its size was: 38400 bytes[0m
D (2210) HTTP_CLIENT: set post file length = 38432[0m
D (2210) HTTP_CLIENT: Begin connect to: https://api.cloudinary.com:443[0m
D (2210) esp-tls: host:api.cloudinary.com: strlen 18[0m

assert failed: tcpip_send_msg_wait_sem /IDF/components/lwip/lwip/src/api/tcpip.c:449 (Invalid mbox)


Backtrace: 0x40375c8a:0x3fcaa7a0 0x4037c46d:0x3fcaa7c0 0x403832f1:0x3fcaa7e0 0x42020202:0x3fcaa900 0x4202cd61:0x3fcaa930 0x4204a5d9:0x3fcaa970 0x4202f6c1:0x3fcaa9c0 0x4202faa7:0x3fcaaa20 0x4202fda6:0x3fcaaa90 0x42030111:0x3fcaaad0 0x4201d646:0x3fcaab00 0x42059c99:0x3fcaab30 0x42016375:0x3fcaab50 0x4201713c:0x3fcaab90 0x4200af37:0x3fcaabc0 0x4200b006:0x3fcaac80 0x4037cf41:0x3fcaaca0




ELF file SHA256: ddc03df51

Rebooting...
ESP-ROM:esp32s3-20210327
Build:Mar 27 2021
rst:0xc (RTC_SW_CPU_RST),boot:0x2a (SPI_FAST_FLASH_BOOT)
Saved PC:0x40379782
SPIWP:0xee
mode:DIO, clock div:1
load:0x3fce3810,len:0x178c
load:0x403c9700,len:0x4
load:0x403c9704,len:0xcbc
load:0x403cc700,len:0x2d9c
entry 0x403c9914
[0;32mI (26) boot: ESP-IDF v5.2.2-dirty 2nd stage bootloader[0m
[0;32mI (26) boot: compile time Oct  3 2024 10:22:40[0m
[0;32mI (27) boot: Multicore bootloader[0m
[0;32mI (30) boot: chip revision: v0.2[0m
[0;32mI (34) boot.esp32s3: Boot SPI Speed : 80MHz[0m
[0;32mI (38) boot.esp32s3: SPI Mode       : DIO[0m
[0;32mI (43) boot.esp32s3: SPI Flash Size : 2MB[0m
[0;32mI (48) boot: Enabling RNG early entropy source...[0m
[0;32mI (53) boot: Partition Table:[0m
[0;32mI (57) boot: ## Label            Usage          Type ST Offset   Length[0m
[0;32mI (64) boot:  0 nvs              WiFi data        01 02 00009000 00006000[0m
[0;32mI (72) boot:  1 phy_init         RF data          01 01 0000f000 00001000[0m
[0;32mI (79) boot:  2 factory          factory app      00 00 00010000 00100000[0m
[0;32mI (87) boot: End of partition table[0m
[0;32mI (91) esp_image: segment 0: paddr=00010020 vaddr=3c060020 size=23e38h (147000) map[0m
[0;32mI (126) esp_image: segment 1: paddr=00033e60 vaddr=3fc95500 size=03244h ( 12868) load[0m
[0;32mI (129) esp_image: segment 2: paddr=000370ac vaddr=40374000 size=08f6ch ( 36716) load[0m
[0;32mI (140) esp_image: segment 3: paddr=00040020 vaddr=42000020 size=5ea7ch (387708) map[0m
[0;32mI (210) esp_image: segment 4: paddr=0009eaa4 vaddr=4037cf6c size=084f0h ( 34032) load[0m
[0;32mI (225) boot: Loaded app from partition at offset 0x10000[0m
[0;32mI (225) boot: Disabling RNG early entropy source...[0m
[0;32mI (236) cpu_start: Multicore app[0m
V (237) mmap: after coalescing, 1 regions are left[0m
[0;32mI (237) octal_psram: vendor id    : 0x0d (AP)[0m
[0;32mI (239) octal_psram: dev id       : 0x02 (generation 3)[0m
[0;32mI (245) octal_psram: density      : 0x03 (64 Mbit)[0m
[0;32mI (250) octal_psram: good-die     : 0x01 (Pass)[0m
[0;32mI (255) octal_psram: Latency      : 0x01 (Fixed)[0m
[0;32mI (261) octal_psram: VCC          : 0x01 (3V)[0m
[0;32mI (266) octal_psram: SRF          : 0x01 (Fast Refresh)[0m
[0;32mI (272) octal_psram: BurstType    : 0x01 (Hybrid Wrap)[0m
[0;32mI (278) octal_psram: BurstLen     : 0x01 (32 Byte)[0m
[0;32mI (283) octal_psram: Readlatency  : 0x02 (10 cycles@Fixed)[0m
[0;32mI (289) octal_psram: DriveStrength: 0x00 (1/1)[0m
[0;32mI (294) esp_psram: Found 8MB PSRAM device[0m
[0;32mI (299) esp_psram: Speed: 40MHz[0m
V (303) mmap: found laddr is 0x90000[0m
V (306) esp_psram: 8bit-aligned-region: actual_mapped_len is 0x800000 bytes[0m
V (313) esp_psram: 8bit-aligned-range: 0x800000 B, starting from: 0x3c090000[0m
D (321) cpu_start: Pro cpu up[0m
D (324) cpu_start: Starting app cpu, entry point is 0x40375498[0m
D (310) cpu_start: App cpu up[0m
V CACHE_ERR: illegal error intr clr & ena mask is: 0x3f
V CACHE_ERR: core 1 access error intr clr & ena mask is: 0x1f
[0;32mI (1061) esp_psram: SPI SRAM memory test OK[0m
D (1069) clk: RTC_SLOW_CLK calibration value: 3807757[0m
V CACHE_ERR: illegal error intr clr & ena mask is: 0x3f
V CACHE_ERR: core 0 access error intr clr & ena mask is: 0x1f
[0;32mI (1075) cpu_start: Pro cpu start user code[0m
[0;32mI (1078) cpu_start: cpu freq: 160000000 Hz[0m
[0;32mI (1083) cpu_start: Application information:[0m
[0;32mI (1088) cpu_start: Project name:     netstick-test[0m
[0;32mI (1093) cpu_start: App version:      02fd1a5-dirty[0m
[0;32mI (1099) cpu_start: Compile time:     Oct  7 2024 11:11:02[0m
[0;32mI (1105) cpu_start: ELF file SHA256:  ddc03df51...[0m
[0;32mI (1111) cpu_start: ESP-IDF:          v5.2.2-dirty[0m
[0;32mI (1116) cpu_start: Min chip rev:     v0.0[0m
[0;32mI (1121) cpu_start: Max chip rev:     v0.99 [0m
[0;32mI (1126) cpu_start: Chip rev:         v0.2[0m
V (1131) memory_layout: reserved range is 0x3c083e10 - 0x3c083e40[0m
D (1137) memory_layout: Checking 7 reserved memory ranges:[0m
D (1142) memory_layout: Reserved memory range 0x3c000000 - 0x3e000000[0m
D (1149) memory_layout: Reserved memory range 0x3fc84000 - 0x3fc95500[0m
D (1155) memory_layout: Reserved memory range 0x3fc95500 - 0x3fc99f60[0m
D (1162) memory_layout: Reserved memory range 0x3fceee34 - 0x3fcf0000[0m
D (1168) memory_layout: Reserved memory range 0x40374000 - 0x40385500[0m
D (1175) memory_layout: Reserved memory range 0x600fe000 - 0x600fe010[0m
D (1181) memory_layout: Reserved memory range 0x600fffe8 - 0x60100000[0m
D (1188) memory_layout: Building list of available memory regions:[0m
V (1194) memory_layout: Examining memory region 0x3fc88000 - 0x3fc90000[0m
V (1201) memory_layout: Region 0x3fc88000 - 0x3fc90000 inside of reserved 0x3fc84000 - 0x3fc95500[0m
V (1210) memory_layout: Examining memory region 0x3fc90000 - 0x3fca0000[0m
V (1216) memory_layout: Start of region 0x3fc90000 - 0x3fca0000 overlaps reserved 0x3fc84000 - 0x3fc95500[0m
V (1226) memory_layout: Start of region 0x3fc95500 - 0x3fca0000 overlaps reserved 0x3fc95500 - 0x3fc99f60[0m
D (1236) memory_layout: Available memory region 0x3fc99f60 - 0x3fca0000[0m
V (1242) memory_layout: Examining memory region 0x3fca0000 - 0x3fcb0000[0m
D (1249) memory_layout: Available memory region 0x3fca0000 - 0x3fcb0000[0m
V (1256) memory_layout: Examining memory region 0x3fcb0000 - 0x3fcc0000[0m
D (1262) memory_layout: Available memory region 0x3fcb0000 - 0x3fcc0000[0m
V (1269) memory_layout: Examining memory region 0x3fcc0000 - 0x3fcd0000[0m
D (1276) memory_layout: Available memory region 0x3fcc0000 - 0x3fcd0000[0m
V (1282) memory_layout: Examining memory region 0x3fcd0000 - 0x3fce0000[0m
D (1289) memory_layout: Available memory region 0x3fcd0000 - 0x3fce0000[0m
V (1296) memory_layout: Examining memory region 0x3fce0000 - 0x3fce9710[0m
D (1303) memory_layout: Available memory region 0x3fce0000 - 0x3fce9710[0m
V (1309) memory_layout: Examining memory region 0x3fce9710 - 0x3fcf0000[0m
V (1316) memory_layout: End of region 0x3fce9710 - 0x3fcf0000 overlaps reserved 0x3fceee34 - 0x3fcf0000[0m
D (1325) memory_layout: Available memory region 0x3fce9710 - 0x3fceee34[0m
V (1332) memory_layout: Examining memory region 0x3fcf0000 - 0x3fcf8000[0m
D (1339) memory_layout: Available memory region 0x3fcf0000 - 0x3fcf8000[0m
V (1345) memory_layout: Examining memory region 0x3c000000 - 0x3e000000[0m
V (1352) memory_layout: Region 0x3c000000 - 0x3e000000 inside of reserved 0x3c000000 - 0x3e000000[0m
V (1361) memory_layout: Examining memory region 0x600fe000 - 0x60100000[0m
V (1368) memory_layout: Start of region 0x600fe000 - 0x60100000 overlaps reserved 0x600fe000 - 0x600fe010[0m
V (1377) memory_layout: End of region 0x600fe010 - 0x60100000 overlaps reserved 0x600fffe8 - 0x60100000[0m
D (1387) memory_layout: Available memory region 0x600fe010 - 0x600fffe8[0m
[0;32mI (1394) heap_init: Initializing. RAM available for dynamic allocation:[0m
D (1401) heap_init: New heap initialised at 0x3fc99f60[0m
[0;32mI (1406) heap_init: At 3FC99F60 len 0004F7B0 (317 KiB): RAM[0m
[0;32mI (1412) heap_init: At 3FCE9710 len 00005724 (21 KiB): RAM[0m
D (1418) heap_init: New heap initialised at 0x3fcf0000[0m
[0;32mI (1424) heap_init: At 3FCF0000 len 00008000 (32 KiB): DRAM[0m
D (1430) heap_init: New heap initialised at 0x600fe010[0m
[0;32mI (1435) heap_init: At 600FE010 len 00001FD8 (7 KiB): RTCRAM[0m
[0;32mI (1442) esp_psram: Adding pool of 8192K of PSRAM memory to heap allocator[0m
V (1449) intr_alloc: esp_intr_alloc_intrstatus (cpu 0): checking args[0m
V (1455) intr_alloc: esp_intr_alloc_intrstatus (cpu 0): Args okay. Resulting flags 0x40E[0m
D (1464) intr_alloc: Connected src 39 to int 2 (cpu 0)[0m
V (1469) memspi: raw_chip_id: 1740C8
[0m
V (1473) memspi: chip_id: C84017
[0m
V (1476) memspi: raw_chip_id: 1740C8
[0m
V (1480) memspi: chip_id: C84017
[0m
D (1483) spi_flash: trying chip: issi[0m
D (1487) spi_flash: trying chip: gd[0m
[0;32mI (1491) spi_flash: detected chip: gd[0m
[0;32mI (1495) spi_flash: flash io: dio[0m
[0;33mW (1499) spi_flash: Detected size(8192k) larger than the size in the binary image header(2048k). Using the size in the binary image header.[0m
D (1512) cpu_start: calling init function: 0x4204aa74[0m
D (1518) cpu_start: calling init function: 0x42042434[0m
D (1523) cpu_start: calling init function: 0x42012298[0m
D (1528) cpu_start: calling init function: 0x4201143c[0m
[0;33mW (1533) i2c: This driver is an old driver, please migrate your application code to adapt `driver/i2c_master.h`[0m
D (1543) cpu_start: calling init function: 0x4037a9ec[0m
D (1549) cpu_start: calling init function: 0x42003000[0m
D (1554) cpu_start: calling init function: 0x4200856c on core: 0[0m
V (1560) intr_alloc: esp_intr_alloc_intrstatus (cpu 0): checking args[0m
V (1566) intr_alloc: esp_intr_alloc_intrstatus (cpu 0): Args okay. Resulting flags 0xC02[0m
D (1575) intr_alloc: Connected src 59 to int 3 (cpu 0)[0m
D (1580) cpu_start: calling init function: 0x42005f98 on core: 0[0m
[0;32mI (1586) sleep: Configure to isolate all GPIO pins in sleep state[0m
[0;32mI (1593) sleep: Enable automatic switching of GPIO sleep configuration[0m
D (1600) cpu_start: calling init function: 0x4200415c on core: 0[0m
V (1606) intr_alloc: esp_intr_alloc_intrstatus (cpu 0): checking args[0m
V (1612) intr_alloc: esp_intr_alloc_intrstatus (cpu 0): Args okay. Resulting flags 0x40E[0m
D (1621) intr_alloc: Connected src 79 to int 9 (cpu 0)[0m
D (1626) app_start: Starting scheduler on CPU0[0m
V (1630) intr_alloc: esp_intr_alloc_intrstatus (cpu 0): checking args[0m
V (1630) intr_alloc: esp_intr_alloc_intrstatus (cpu 0): Args okay. Resulting flags 0x402[0m
D (1630) intr_alloc: Connected src 57 to int 12 (cpu 0)[0m
V (1630) intr_alloc: esp_intr_alloc_intrstatus (cpu 1): checking args[0m
V (1640) intr_alloc: esp_intr_alloc_intrstatus (cpu 1): Args okay. Resulting flags 0x40E[0m
D (1640) intr_alloc: Connected src 80 to int 2 (cpu 1)[0m
D (1650) app_start: Starting scheduler on CPU1[0m
V (1650) intr_alloc: esp_intr_alloc_intrstatus (cpu 1): checking args[0m
V (1660) intr_alloc: esp_intr_alloc_intrstatus (cpu 1): Args okay. Resulting flags 0x402[0m
D (1670) intr_alloc: Connected src 58 to int 3 (cpu 1)[0m
[0;32mI (1630) main_task: Started on CPU0[0m
D (1680) heap_init: New heap initialised at 0x3fce9710[0m
[0;32mI (1680) esp_psram: Reserving pool of 32K of internal memory for DMA/internal allocations[0m
D (1690) esp_psram: Allocating block of size 32768 bytes[0m
V (1700) intr_alloc: esp_intr_alloc_intrstatus (cpu 0): checking args[0m
V (1700) intr_alloc: esp_intr_alloc_intrstatus (cpu 0): Args okay. Resulting flags 0xE[0m
D (1710) intr_alloc: Connected src 52 to int 13 (cpu 0)[0m
[0;32mI (1720) main_task: Calling app_main()[0m
[0;32mI (1720) main_task: Returned from app_main()[0m
[0;32mI (1720) example:take_picture: Initializing camera...[0m
D (1730) gdma: new group (0) at 0x3c090b9c[0m
D (1740) gdma: new pair (0,0) at 0x3c090c28[0m
D (1740) gdma: new rx channel (0,0) at 0x3c090b5c[0m
[0;32mI (1750) s3 ll_cam: DMA Channel=0[0m
[0;32mI (1750) cam_hal: cam init ok[0m
D (1750) camera: Enabling XCLK output[0m
D (1760) camera: Initializing SCCB[0m
[0;32mI (1760) sccb: pin_sda 4 pin_scl 5[0m
[0;32mI (1770) sccb: sccb_i2c_port=1[0m
V (1770) intr_alloc: esp_intr_alloc_intrstatus (cpu 1): checking args[0m
V (1780) intr_alloc: esp_intr_alloc_intrstatus (cpu 1): Args okay. Resulting flags 0xE[0m
D (1780) intr_alloc: Connected src 43 to int 4 (cpu 1)[0m
D (1790) camera: Searching for camera address[0m
[0;32mI (1800) camera: Detected camera at address=0x30[0m
[0;32mI (1800) camera: Detected OV2640 camera[0m
D (1800) ov2640: OV2640 Attached[0m
[0;32mI (1810) camera: Camera PID=0x26 VER=0x42 MIDL=0x7f MIDH=0xa2[0m
D (1810) camera: Doing SW reset of sensor[0m
[0;32mI (1910) s3 ll_cam: node_size: 3840, nodes_per_line: 1, lines_per_node: 12[0m
[0;32mI (1910) s3 ll_cam: dma_half_buffer_min:  3840, dma_half_buffer:  7680, lines_per_half_buffer: 24, dma_buffer_size: 15360[0m
[0;32mI (1910) cam_hal: buffer_size: 15360, half_buffer_size: 7680, node_buffer_size: 3840, node_cnt: 4, total_cnt: 5[0m
[0;32mI (1930) cam_hal: Allocating 38400 Byte frame buffer in PSRAM[0m
[0;32mI (1930) cam_hal: Allocating 38400 Byte frame buffer in PSRAM[0m
V (1940) intr_alloc: esp_intr_alloc_intrstatus (cpu 1): checking args[0m
V (1940) intr_alloc: esp_intr_alloc_intrstatus (cpu 1): Args okay. Resulting flags 0x50E[0m
D (1950) intr_alloc: Connected src 66 to int 9 (cpu 1)[0m
V (1960) intr_alloc: esp_intr_alloc_intrstatus (cpu 1): checking args[0m
V (1960) intr_alloc: esp_intr_alloc_intrstatus (cpu 1): Args okay. Resulting flags 0x50E[0m
D (1970) intr_alloc: Connected src 24 to int 9 (cpu 1)[0m
[0;32mI (1980) cam_hal: cam config ok[0m
D (1980) camera: Setting frame size to 160x120[0m
[0;32mI (1990) ov2640: Set PLL: clk_2x: 1, clk_div: 3, pclk_auto: 1, pclk_div: 8[0m
[0;32mI (2070) example:take_picture: Taking picture...[0m
[0;32mI (2210) example:take_picture: Picture taken! Its size was: 38400 bytes[0m
D (2210) HTTP_CLIENT: set post file length = 38432[0m
D (2210) HTTP_CLIENT: Begin connect to: https://api.cloudinary.com:443[0m
D (2210) esp-tls: host:api.cloudinary.com: strlen 18[0m

assert failed: tcpip_send_msg_wait_sem /IDF/components/lwip/lwip/src/api/tcpip.c:449 (Invalid mbox)


Backtrace: 0x40375c8a:0x3fcaa7a0 0x4037c46d:0x3fcaa7c0 0x403832f1:0x3fcaa7e0 0x42020202:0x3fcaa900 0x4202cd61:0x3fcaa930 0x4204a5d9:0x3fcaa970 0x4202f6c1:0x3fcaa9c0 0x4202faa7:0x3fcaaa20 0x4202fda6:0x3fcaaa90 0x42030111:0x3fcaaad0 0x4201d646:0x3fcaab00 0x42059c99:0x3fcaab30 0x42016375:0x3fcaab50 0x4201713c:0x3fcaab90 0x4200af37:0x3fcaabc0 0x4200b006:0x3fcaac80 0x4037cf41:0x3fcaaca0




ELF file SHA256: ddc03df51

Rebooting...
ESP-ROM:esp32s3-20210327
Build:Mar 27 2021
rst:0xc (RTC_SW_CPU_RST),boot:0x2a (SPI_FAST_FLASH_BOOT)
Saved PC:0x40379782
SPIWP:0xee
mode:DIO, clock div:1
load:0x3fce3810,len:0x178c
load:0x403c9700,len:0x4
load:0x403c9704,len:0xcbc
load:0x403cc700,len:0x2d9c
entry 0x403c9914
[0;32mI (26) boot: ESP-IDF v5.2.2-dirty 2nd stage bootloader[0m
[0;32mI (26) boot: compile time Oct  3 2024 10:22:40[0m
[0;32mI (27) boot: Multicore bootloader[0m
[0;32mI (30) boot: chip revision: v0.2[0m
[0;32mI (34) boot.esp32s3: Boot SPI Speed : 80MHz[0m
[0;32mI (38) boot.esp32s3: SPI Mode       : DIO[0m
[0;32mI (43) boot.esp32s3: SPI Flash Size : 2MB[0m
[0;32mI (48) boot: Enabling RNG early entropy source...[0m
[0;32mI (53) boot: Partition Table:[0m
[0;32mI (57) boot: ## Label            Usage          Type ST Offset   Length[0m
[0;32mI (64) boot:  0 nvs              WiFi data        01 02 00009000 00006000[0m
[0;32mI (72) boot:  1 phy_init         RF data          01 01 0000f000 00001000[0m
[0;32mI (79) boot:  2 factory          factory app      00 00 00010000 00100000[0m
[0;32mI (87) boot: End of partition table[0m
[0;32mI (91) esp_image: segment 0: paddr=00010020 vaddr=3c060020 size=23e38h (147000) map[0m
[0;32mI (126) esp_image: segment 1: paddr=00033e60 vaddr=3fc95500 size=03244h ( 12868) load[0m
[0;32mI (129) esp_image: segment 2: paddr=000370ac vaddr=40374000 size=08f6ch ( 36716) load[0m
[0;32mI (140) esp_image: segment 3: paddr=00040020 vaddr=42000020 size=5ea7ch (387708) map[0m
[0;32mI (210) esp_image: segment 4: paddr=0009eaa4 vaddr=4037cf6c size=084f0h ( 34032) load[0m
[0;32mI (225) boot: Loaded app from partition at offset 0x10000[0m
[0;32mI (225) boot: Disabling RNG early entropy source...[0m
[0;32mI (236) cpu_start: Multicore app[0m
V (237) mmap: after coalescing, 1 regions are left[0m
[0;32mI (237) octal_psram: vendor id    : 0x0d (AP)[0m
[0;32mI (239) octal_psram: dev id       : 0x02 (generation 3)[0m
[0;32mI (245) octal_psram: density      : 0x03 (64 Mbit)[0m
[0;32mI (250) octal_psram: good-die     : 0x01 (Pass)[0m
[0;32mI (255) octal_psram: Latency      : 0x01 (Fixed)[0m
[0;32mI (261) octal_psram: VCC          : 0x01 (3V)[0m
[0;32mI (266) octal_psram: SRF          : 0x01 (Fast Refresh)[0m
[0;32mI (272) octal_psram: BurstType    : 0x01 (Hybrid Wrap)[0m
[0;32mI (278) octal_psram: BurstLen     : 0x01 (32 Byte)[0m
[0;32mI (283) octal_psram: Readlatency  : 0x02 (10 cycles@Fixed)[0m
[0;32mI (289) octal_psram: DriveStrength: 0x00 (1/1)[0m
[0;32mI (294) esp_psram: Found 8MB PSRAM device[0m
[0;32mI (299) esp_psram: Speed: 40MHz[0m
V (303) mmap: found laddr is 0x90000[0m
V (306) esp_psram: 8bit-aligned-region: actual_mapped_len is 0x800000 bytes[0m
V (313) esp_psram: 8bit-aligned-range: 0x800000 B, starting from: 0x3c090000[0m
D (321) cpu_start: Pro cpu up[0m
D (324) cpu_start: Starting app cpu, entry point is 0x40375498[0m
D (310) cpu_start: App cpu up[0m
V CACHE_ERR: illegal error intr clr & ena mask is: 0x3f
V CACHE_ERR: core 1 access error intr clr & ena mask is: 0x1f
[0;32mI (1061) esp_psram: SPI SRAM memory test OK[0m
D (1069) clk: RTC_SLOW_CLK calibration value: 3808922[0m
V CACHE_ERR: illegal error intr clr & ena mask is: 0x3f
V CACHE_ERR: core 0 access error intr clr & ena mask is: 0x1f
[0;32mI (1075) cpu_start: Pro cpu start user code[0m
[0;32mI (1078) cpu_start: cpu freq: 160000000 Hz[0m
[0;32mI (1083) cpu_start: Application information:[0m
[0;32mI (1088) cpu_start: Project name:     netstick-test[0m
[0;32mI (1093) cpu_start: App version:      02fd1a5-dirty[0m
[0;32mI (1099) cpu_start: Compile time:     Oct  7 2024 11:11:02[0m
[0;32mI (1105) cpu_start: ELF file SHA256:  ddc03df51...[0m
[0;32mI (1111) cpu_start: ESP-IDF:          v5.2.2-dirty[0m
[0;32mI (1116) cpu_start: Min chip rev:     v0.0[0m
[0;32mI (1121) cpu_start: Max chip rev:     v0.99 [0m
[0;32mI (1126) cpu_start: Chip rev:         v0.2[0m
V (1131) memory_layout: reserved range is 0x3c083e10 - 0x3c083e40[0m
D (1137) memory_layout: Checking 7 reserved memory ranges:[0m
D (1142) memory_layout: Reserved memory range 0x3c000000 - 0x3e000000[0m
D (1149) memory_layout: Reserved memory range 0x3fc84000 - 0x3fc95500[0m
D (1155) memory_layout: Reserved memory range 0x3fc95500 - 0x3fc99f60[0m
D (1162) memory_layout: Reserved memory range 0x3fceee34 - 0x3fcf0000[0m
D (1168) memory_layout: Reserved memory range 0x40374000 - 0x40385500[0m
D (1175) memory_layout: Reserved memory range 0x600fe000 - 0x600fe010[0m
D (1181) memory_layout: Reserved memory range 0x600fffe8 - 0x60100000[0m
D (1188) memory_layout: Building list of available memory regions:[0m
V (1194) memory_layout: Examining memory region 0x3fc88000 - 0x3fc90000[0m
V (1201) memory_layout: Region 0x3fc88000 - 0x3fc90000 inside of reserved 0x3fc84000 - 0x3fc95500[0m
V (1210) memory_layout: Examining memory region 0x3fc90000 - 0x3fca0000[0m
V (1216) memory_layout: Start of region 0x3fc90000 - 0x3fca0000 overlaps reserved 0x3fc84000 - 0x3fc95500[0m
V (1226) memory_layout: Start of region 0x3fc95500 - 0x3fca0000 overlaps reserved 0x3fc95500 - 0x3fc99f60[0m
D (1236) memory_layout: Available memory region 0x3fc99f60 - 0x3fca0000[0m
V (1242) memory_layout: Examining memory region 0x3fca0000 - 0x3fcb0000[0m
D (1249) memory_layout: Available memory region 0x3fca0000 - 0x3fcb0000[0m
V (1256) memory_layout: Examining memory region 0x3fcb0000 - 0x3fcc0000[0m
D (1262) memory_layout: Available memory region 0x3fcb0000 - 0x3fcc0000[0m
V (1269) memory_layout: Examining memory region 0x3fcc0000 - 0x3fcd0000[0m
D (1276) memory_layout: Available memory region 0x3fcc0000 - 0x3fcd0000[0m
V (1282) memory_layout: Examining memory region 0x3fcd0000 - 0x3fce0000[0m
D (1289) memory_layout: Available memory region 0x3fcd0000 - 0x3fce0000[0m
V (1296) memory_layout: Examining memory region 0x3fce0000 - 0x3fce9710[0m
D (1303) memory_layout: Available memory region 0x3fce0000 - 0x3fce9710[0m
V (1309) memory_layout: Examining memory region 0x3fce9710 - 0x3fcf0000[0m
V (1316) memory_layout: End of region 0x3fce9710 - 0x3fcf0000 overlaps reserved 0x3fceee34 - 0x3fcf0000[0m
D (1325) memory_layout: Available memory region 0x3fce9710 - 0x3fceee34[0m
V (1332) memory_layout: Examining memory region 0x3fcf0000 - 0x3fcf8000[0m
D (1339) memory_layout: Available memory region 0x3fcf0000 - 0x3fcf8000[0m
V (1345) memory_layout: Examining memory region 0x3c000000 - 0x3e000000[0m
V (1352) memory_layout: Region 0x3c000000 - 0x3e000000 inside of reserved 0x3c000000 - 0x3e000000[0m
V (1361) memory_layout: Examining memory region 0x600fe000 - 0x60100000[0m
V (1368) memory_layout: Start of region 0x600fe000 - 0x60100000 overlaps reserved 0x600fe000 - 0x600fe010[0m
V (1377) memory_layout: End of region 0x600fe010 - 0x60100000 overlaps reserved 0x600fffe8 - 0x60100000[0m
D (1387) memory_layout: Available memory region 0x600fe010 - 0x600fffe8[0m
[0;32mI (1393) heap_init: Initializing. RAM available for dynamic allocation:[0m
D (1401) heap_init: New heap initialised at 0x3fc99f60[0m
[0;32mI (1406) heap_init: At 3FC99F60 len 0004F7B0 (317 KiB): RAM[0m
[0;32mI (1412) heap_init: At 3FCE9710 len 00005724 (21 KiB): RAM[0m
D (1418) heap_init: New heap initialised at 0x3fcf0000[0m
[0;32mI (1424) heap_init: At 3FCF0000 len 00008000 (32 KiB): DRAM[0m
D (1430) heap_init: New heap initialised at 0x600fe010[0m
[0;32mI (1435) heap_init: At 600FE010 len 00001FD8 (7 KiB): RTCRAM[0m
[0;32mI (1442) esp_psram: Adding pool of 8192K of PSRAM memory to heap allocator[0m
V (1449) intr_alloc: esp_intr_alloc_intrstatus (cpu 0): checking args[0m
V (1455) intr_alloc: esp_intr_alloc_intrstatus (cpu 0): Args okay. Resulting flags 0x40E[0m
D (1464) intr_alloc: Connected src 39 to int 2 (cpu 0)[0m
V (1469) memspi: raw_chip_id: 1740C8
[0m
V (1473) memspi: chip_id: C84017
[0m
V (1476) memspi: raw_chip_id: 1740C8
[0m
V (1480) memspi: chip_id: C84017
[0m
D (1483) spi_flash: trying chip: issi[0m
D (1487) spi_flash: trying chip: gd[0m
[0;32mI (1491) spi_flash: detected chip: gd[0m
[0;32mI (1495) spi_flash: flash io: dio[0m
[0;33mW (1499) spi_flash: Detected size(8192k) larger than the size in the binary image header(2048k). Using the size in the binary image header.[0m
D (1512) cpu_start: calling init function: 0x4204aa74[0m
D (1518) cpu_start: calling init function: 0x42042434[0m
D (1523) cpu_start: calling init function: 0x42012298[0m
D (1528) cpu_start: calling init function: 0x4201143c[0m
[0;33mW (1533) i2c: This driver is an old driver, please migrate your application code to adapt `driver/i2c_master.h`[0m
D (1543) cpu_start: calling init function: 0x4037a9ec[0m
D (1549) cpu_start: calling init function: 0x42003000[0m
D (1554) cpu_start: calling init function: 0x4200856c on core: 0[0m
V (1560) intr_alloc: esp_intr_alloc_intrstatus (cpu 0): checking args[0m
V (1566) intr_alloc: esp_intr_alloc_intrstatus (cpu 0): Args okay. Resulting flags 0xC02[0m
D (1575) intr_alloc: Connected src 59 to int 3 (cpu 0)[0m
D (1580) cpu_start: calling init function: 0x42005f98 on core: 0[0m
[0;32mI (1586) sleep: Configure to isolate all GPIO pins in sleep state[0m
[0;32mI (1593) sleep: Enable automatic switching of GPIO sleep configuration[0m
D (1600) cpu_start: calling init function: 0x4200415c on core: 0[0m
V (1606) intr_alloc: esp_intr_alloc_intrstatus (cpu 0): checking args[0m
V (1612) intr_alloc: esp_intr_alloc_intrstatus (cpu 0): Args okay. Resulting flags 0x40E[0m
D (1621) intr_alloc: Connected src 79 to int 9 (cpu 0)[0m
D (1626) app_start: Starting scheduler on CPU0[0m
V (1630) intr_alloc: esp_intr_alloc_intrstatus (cpu 0): checking args[0m
V (1630) intr_alloc: esp_intr_alloc_intrstatus (cpu 0): Args okay. Resulting flags 0x402[0m
D (1630) intr_alloc: Connected src 57 to int 12 (cpu 0)[0m
V (1630) intr_alloc: esp_intr_alloc_intrstatus (cpu 1): checking args[0m
V (1640) intr_alloc: esp_intr_alloc_intrstatus (cpu 1): Args okay. Resulting flags 0x40E[0m
D (1640) intr_alloc: Connected src 80 to int 2 (cpu 1)[0m
D (1650) app_start: Starting scheduler on CPU1[0m
V (1650) intr_alloc: esp_intr_alloc_intrstatus (cpu 1): checking args[0m
V (1660) intr_alloc: esp_intr_alloc_intrstatus (cpu 1): Args okay. Resulting flags 0x402[0m
D (1670) intr_alloc: Connected src 58 to int 3 (cpu 1)[0m
[0;32mI (1630) main_task: Started on CPU0[0m
D (1680) heap_init: New heap initialised at 0x3fce9710[0m
[0;32mI (1680) esp_psram: Reserving pool of 32K of internal memory for DMA/internal allocations[0m
D (1690) esp_psram: Allocating block of size 32768 bytes[0m
V (1700) intr_alloc: esp_intr_alloc_intrstatus (cpu 0): checking args[0m
V (1700) intr_alloc: esp_intr_alloc_intrstatus (cpu 0): Args okay. Resulting flags 0xE[0m
D (1710) intr_alloc: Connected src 52 to int 13 (cpu 0)[0m
[0;32mI (1720) main_task: Calling app_main()[0m
[0;32mI (1720) main_task: Returned from app_main()[0m
[0;32mI (1720) example:take_picture: Initializing camera...[0m
D (1730) gdma: new group (0) at 0x3c090b9c[0m
D (1740) gdma: new pair (0,0) at 0x3c090c28[0m
D (1740) gdma: new rx channel (0,0) at 0x3c090b5c[0m
[0;32mI (1750) s3 ll_cam: DMA Channel=0[0m
[0;32mI (1750) cam_hal: cam init ok[0m
D (1750) camera: Enabling XCLK output[0m
D (1760) camera: Initializing SCCB[0m
[0;32mI (1760) sccb: pin_sda 4 pin_scl 5[0m
[0;32mI (1770) sccb: sccb_i2c_port=1[0m
V (1770) intr_alloc: esp_intr_alloc_intrstatus (cpu 1): checking args[0m
V (1780) intr_alloc: esp_intr_alloc_intrstatus (cpu 1): Args okay. Resulting flags 0xE[0m
D (1780) intr_alloc: Connected src 43 to int 4 (cpu 1)[0m
D (1790) camera: Searching for camera address[0m
[0;32mI (1800) camera: Detected camera at address=0x30[0m
[0;32mI (1800) camera: Detected OV2640 camera[0m
D (1800) ov2640: OV2640 Attached[0m
[0;32mI (1810) camera: Camera PID=0x26 VER=0x42 MIDL=0x7f MIDH=0xa2[0m
D (1810) camera: Doing SW reset of sensor[0m
[0;32mI (1910) s3 ll_cam: node_size: 3840, nodes_per_line: 1, lines_per_node: 12[0m
[0;32mI (1910) s3 ll_cam: dma_half_buffer_min:  3840, dma_half_buffer:  7680, lines_per_half_buffer: 24, dma_buffer_size: 15360[0m
[0;32mI (1910) cam_hal: buffer_size: 15360, half_buffer_size: 7680, node_buffer_size: 3840, node_cnt: 4, total_cnt: 5[0m
[0;32mI (1930) cam_hal: Allocating 38400 Byte frame buffer in PSRAM[0m
[0;32mI (1930) cam_hal: Allocating 38400 Byte frame buffer in PSRAM[0m
V (1940) intr_alloc: esp_intr_alloc_intrstatus (cpu 1): checking args[0m
V (1940) intr_alloc: esp_intr_alloc_intrstatus (cpu 1): Args okay. Resulting flags 0x50E[0m
D (1950) intr_alloc: Connected src 66 to int 9 (cpu 1)[0m
V (1960) intr_alloc: esp_intr_alloc_intrstatus (cpu 1): checking args[0m
V (1960) intr_alloc: esp_intr_alloc_intrstatus (cpu 1): Args okay. Resulting flags 0x50E[0m
D (1970) intr_alloc: Connected src 24 to int 9 (cpu 1)[0m
[0;32mI (1980) cam_hal: cam config ok[0m
D (1980) camera: Setting frame size to 160x120[0m
[0;32mI (1990) ov2640: Set PLL: clk_2x: 1, clk_div: 3, pclk_auto: 1, pclk_div: 8[0m
[0;32mI (2070) example:take_picture: Taking picture...[0m
[0;32mI (2210) example:take_picture: Picture taken! Its size was: 38400 bytes[0m
D (2210) HTTP_CLIENT: set post file length = 38432[0m
D (2210) HTTP_CLIENT: Begin connect to: https://api.cloudinary.com:443[0m
D (2210) esp-tls: host:api.cloudinary.com: strlen 18[0m

assert failed: tcpip_send_msg_wait_sem /IDF/components/lwip/lwip/src/api/tcpip.c:449 (Invalid mbox)


Backtrace: 0x40375c8a:0x3fcaa7a0 0x4037c46d:0x3fcaa7c0 0x403832f1:0x3fcaa7e0 0x42020202:0x3fcaa900 0x4202cd61:0x3fcaa930 0x4204a5d9:0x3fcaa970 0x4202f6c1:0x3fcaa9c0 0x4202faa7:0x3fcaaa20 0x4202fda6:0x3fcaaa90 0x42030111:0x3fcaaad0 0x4201d646:0x3fcaab00 0x42059c99:0x3fcaab30 0x42016375:0x3fcaab50 0x4201713c:0x3fcaab90 0x4200af37:0x3fcaabc0 0x4200b006:0x3fcaac80 0x4037cf41:0x3fcaaca0




ELF file SHA256: ddc03df51

Rebooting...
ESP-ROM:esp32s3-20210327
Build:Mar 27 2021
rst:0xc (RTC_SW_CPU_RST),boot:0x2a (SPI_FAST_FLASH_BOOT)
Saved PC:0x40379782
SPIWP:0xee
mode:DIO, clock div:1
load:0x3fce3810,len:0x178c
load:0x403c9700,len:0x4
load:0x403c9704,len:0xcbc
load:0x403cc700,len:0x2d9c
entry 0x403c9914
[0;32mI (26) boot: ESP-IDF v5.2.2-dirty 2nd stage bootloader[0m
[0;32mI (26) boot: compile time Oct  3 2024 10:22:40[0m
[0;32mI (27) boot: Multicore bootloader[0m
[0;32mI (30) boot: chip revision: v0.2[0m
[0;32mI (34) boot.esp32s3: Boot SPI Speed : 80MHz[0m
[0;32mI (38) boot.esp32s3: SPI Mode       : DIO[0m
[0;32mI (43) boot.esp32s3: SPI Flash Size : 2MB[0m
[0;32mI (48) boot: Enabling RNG early entropy source...[0m
[0;32mI (53) boot: Partition Table:[0m
[0;32mI (57) boot: ## Label            Usage          Type ST Offset   Length[0m
[0;32mI (64) boot:  0 nvs              WiFi data        01 02 00009000 00006000[0m
[0;32mI (72) boot:  1 phy_init         RF data          01 01 0000f000 00001000[0m
[0;32mI (79) boot:  2 factory          factory app      00 00 00010000 00100000[0m
[0;32mI (87) boot: End of partition table[0m
[0;32mI (91) esp_image: segment 0: paddr=00010020 vaddr=3c060020 size=23e38h (147000) map[0m
[0;32mI (126) esp_image: segment 1: paddr=00033e60 vaddr=3fc95500 size=03244h ( 12868) load[0m
[0;32mI (129) esp_image: segment 2: paddr=000370ac vaddr=40374000 size=08f6ch ( 36716) load[0m
[0;32mI (140) esp_image: segment 3: paddr=00040020 vaddr=42000020 size=5ea7ch (387708) map[0m
[0;32mI (210) esp_image: segment 4: paddr=0009eaa4 vaddr=4037cf6c size=084f0h ( 34032) load[0m
[0;32mI (225) boot: Loaded app from partition at offset 0x10000[0m
[0;32mI (225) boot: Disabling RNG early entropy source...[0m
[0;32mI (236) cpu_start: Multicore app[0m
V (237) mmap: after coalescing, 1 regions are left[0m
[0;32mI (237) octal_psram: vendor id    : 0x0d (AP)[0m
[0;32mI (239) octal_psram: dev id       : 0x02 (generation 3)[0m
[0;32mI (245) octal_psram: density      : 0x03 (64 Mbit)[0m
[0;32mI (250) octal_psram: good-die     : 0x01 (Pass)[0m
[0;32mI (256) octal_psram: Latency      : 0x01 (Fixed)[0m
[0;32mI (261) octal_psram: VCC          : 0x01 (3V)[0m
[0;32mI (266) octal_psram: SRF          : 0x01 (Fast Refresh)[0m
[0;32mI (272) octal_psram: BurstType    : 0x01 (Hybrid Wrap)[0m
[0;32mI (278) octal_psram: BurstLen     : 0x01 (32 Byte)[0m
[0;32mI (283) octal_psram: Readlatency  : 0x02 (10 cycles@Fixed)[0m
[0;32mI (289) octal_psram: DriveStrength: 0x00 (1/1)[0m
[0;32mI (294) esp_psram: Found 8MB PSRAM device[0m
[0;32mI (299) esp_psram: Speed: 40MHz[0m
V (303) mmap: found laddr is 0x90000[0m
V (307) esp_psram: 8bit-aligned-region: actual_mapped_len is 0x800000 bytes[0m
V (314) esp_psram: 8bit-aligned-range: 0x800000 B, starting from: 0x3c090000[0m
D (321) cpu_start: Pro cpu up[0m
D (324) cpu_start: Starting app cpu, entry point is 0x40375498[0m
D (310) cpu_start: App cpu up[0m
V CACHE_ERR: illegal error intr clr & ena mask is: 0x3f
V CACHE_ERR: core 1 access error intr clr & ena mask is: 0x1f
[0;32mI (1061) esp_psram: SPI SRAM memory test OK[0m
D (1069) clk: RTC_SLOW_CLK calibration value: 3808691[0m
V CACHE_ERR: illegal error intr clr & ena mask is: 0x3f
V CACHE_ERR: core 0 access error intr clr & ena mask is: 0x1f
[0;32mI (1075) cpu_start: Pro cpu start user code[0m
[0;32mI (1078) cpu_start: cpu freq: 160000000 Hz[0m
[0;32mI (1083) cpu_start: Application information:[0m
[0;32mI (1088) cpu_start: Project name:     netstick-test[0m
[0;32mI (1094) cpu_start: App version:      02fd1a5-dirty[0m
[0;32mI (1099) cpu_start: Compile time:     Oct  7 2024 11:11:02[0m
[0;32mI (1105) cpu_start: ELF file SHA256:  ddc03df51...[0m
[0;32mI (1111) cpu_start: ESP-IDF:          v5.2.2-dirty[0m
[0;32mI (1116) cpu_start: Min chip rev:     v0.0[0m
[0;32mI (1121) cpu_start: Max chip rev:     v0.99 [0m
[0;32mI (1126) cpu_start: Chip rev:         v0.2[0m
V (1131) memory_layout: reserved range is 0x3c083e10 - 0x3c083e40[0m
D (1137) memory_layout: Checking 7 reserved memory ranges:[0m
D (1142) memory_layout: Reserved memory range 0x3c000000 - 0x3e000000[0m
D (1149) memory_layout: Reserved memory range 0x3fc84000 - 0x3fc95500[0m
D (1155) memory_layout: Reserved memory range 0x3fc95500 - 0x3fc99f60[0m
D (1162) memory_layout: Reserved memory range 0x3fceee34 - 0x3fcf0000[0m
D (1168) memory_layout: Reserved memory range 0x40374000 - 0x40385500[0m
D (1175) memory_layout: Reserved memory range 0x600fe000 - 0x600fe010[0m
D (1181) memory_layout: Reserved memory range 0x600fffe8 - 0x60100000[0m
D (1188) memory_layout: Building list of available memory regions:[0m
V (1194) memory_layout: Examining memory region 0x3fc88000 - 0x3fc90000[0m
V (1201) memory_layout: Region 0x3fc88000 - 0x3fc90000 inside of reserved 0x3fc84000 - 0x3fc95500[0m
V (1210) memory_layout: Examining memory region 0x3fc90000 - 0x3fca0000[0m
V (1217) memory_layout: Start of region 0x3fc90000 - 0x3fca0000 overlaps reserved 0x3fc84000 - 0x3fc95500[0m
V (1226) memory_layout: Start of region 0x3fc95500 - 0x3fca0000 overlaps reserved 0x3fc95500 - 0x3fc99f60[0m
D (1236) memory_layout: Available memory region 0x3fc99f60 - 0x3fca0000[0m
V (1242) memory_layout: Examining memory region 0x3fca0000 - 0x3fcb0000[0m
D (1249) memory_layout: Available memory region 0x3fca0000 - 0x3fcb0000[0m
V (1256) memory_layout: Examining memory region 0x3fcb0000 - 0x3fcc0000[0m
D (1263) memory_layout: Available memory region 0x3fcb0000 - 0x3fcc0000[0m
V (1269) memory_layout: Examining memory region 0x3fcc0000 - 0x3fcd0000[0m
D (1276) memory_layout: Available memory region 0x3fcc0000 - 0x3fcd0000[0m
V (1283) memory_layout: Examining memory region 0x3fcd0000 - 0x3fce0000[0m
D (1289) memory_layout: Available memory region 0x3fcd0000 - 0x3fce0000[0m
V (1296) memory_layout: Examining memory region 0x3fce0000 - 0x3fce9710[0m
D (1303) memory_layout: Available memory region 0x3fce0000 - 0x3fce9710[0m
V (1309) memory_layout: Examining memory region 0x3fce9710 - 0x3fcf0000[0m
V (1316) memory_layout: End of region 0x3fce9710 - 0x3fcf0000 overlaps reserved 0x3fceee34 - 0x3fcf0000[0m
D (1325) memory_layout: Available memory region 0x3fce9710 - 0x3fceee34[0m
V (1332) memory_layout: Examining memory region 0x3fcf0000 - 0x3fcf8000[0m
D (1339) memory_layout: Available memory region 0x3fcf0000 - 0x3fcf8000[0m
V (1346) memory_layout: Examining memory region 0x3c000000 - 0x3e000000[0m
V (1352) memory_layout: Region 0x3c000000 - 0x3e000000 inside of reserved 0x3c000000 - 0x3e000000[0m
V (1361) memory_layout: Examining memory region 0x600fe000 - 0x60100000[0m
V (1368) memory_layout: Start of region 0x600fe000 - 0x60100000 overlaps reserved 0x600fe000 - 0x600fe010[0m
V (1377) memory_layout: End of region 0x600fe010 - 0x60100000 overlaps reserved 0x600fffe8 - 0x60100000[0m
D (1387) memory_layout: Available memory region 0x600fe010 - 0x600fffe8[0m
[0;32mI (1394) heap_init: Initializing. RAM available for dynamic allocation:[0m
D (1401) heap_init: New heap initialised at 0x3fc99f60[0m
[0;32mI (1406) heap_init: At 3FC99F60 len 0004F7B0 (317 KiB): RAM[0m
[0;32mI (1412) heap_init: At 3FCE9710 len 00005724 (21 KiB): RAM[0m
D (1419) heap_init: New heap initialised at 0x3fcf0000[0m
[0;32mI (1424) heap_init: At 3FCF0000 len 00008000 (32 KiB): DRAM[0m
D (1430) heap_init: New heap initialised at 0x600fe010[0m
[0;32mI (1435) heap_init: At 600FE010 len 00001FD8 (7 KiB): RTCRAM[0m
[0;32mI (1442) esp_psram: Adding pool of 8192K of PSRAM memory to heap allocator[0m
V (1449) intr_alloc: esp_intr_alloc_intrstatus (cpu 0): checking args[0m
V (1456) intr_alloc: esp_intr_alloc_intrstatus (cpu 0): Args okay. Resulting flags 0x40E[0m
D (1464) intr_alloc: Connected src 39 to int 2 (cpu 0)[0m
V (1470) memspi: raw_chip_id: 1740C8
[0m
V (1473) memspi: chip_id: C84017
[0m
V (1476) memspi: raw_chip_id: 1740C8
[0m
V (1480) memspi: chip_id: C84017
[0m
D (1484) spi_flash: trying chip: issi[0m
D (1487) spi_flash: trying chip: gd[0m
[0;32mI (1491) spi_flash: detected chip: gd[0m
[0;32mI (1495) spi_flash: flash io: dio[0m
[0;33mW (1499) spi_flash: Detected size(8192k) larger than the size in the binary image header(2048k). Using the size in the binary image header.[0m
D (1512) cpu_start: calling init function: 0x4204aa74[0m
D (1518) cpu_start: calling init function: 0x42042434[0m
D (1523) cpu_start: calling init function: 0x42012298[0m
D (1528) cpu_start: calling init function: 0x4201143c[0m
[0;33mW (1533) i2c: This driver is an old driver, please migrate your application code to adapt `driver/i2c_master.h`[0m
D (1544) cpu_start: calling init function: 0x4037a9ec[0m
D (1549) cpu_start: calling init function: 0x42003000[0m
D (1554) cpu_start: calling init function: 0x4200856c on core: 0[0m
V (1560) intr_alloc: esp_intr_alloc_intrstatus (cpu 0): checking args[0m
V (1566) intr_alloc: esp_intr_alloc_intrstatus (cpu 0): Args okay. Resulting flags 0xC02[0m
D (1575) intr_alloc: Connected src 59 to int 3 (cpu 0)[0m
D (1580) cpu_start: calling init function: 0x42005f98 on core: 0[0m
[0;32mI (1586) sleep: Configure to isolate all GPIO pins in sleep state[0m
[0;32mI (1593) sleep: Enable automatic switching of GPIO sleep configuration[0m
D (1600) cpu_start: calling init function: 0x4200415c on core: 0[0m
V (1606) intr_alloc: esp_intr_alloc_intrstatus (cpu 0): checking args[0m
V (1612) intr_alloc: esp_intr_alloc_intrstatus (cpu 0): Args okay. Resulting flags 0x40E[0m
D (1621) intr_alloc: Connected src 79 to int 9 (cpu 0)[0m
D (1626) app_start: Starting scheduler on CPU0[0m
V (1630) intr_alloc: esp_intr_alloc_intrstatus (cpu 0): checking args[0m
V (1630) intr_alloc: esp_intr_alloc_intrstatus (cpu 0): Args okay. Resulting flags 0x402[0m
D (1630) intr_alloc: Connected src 57 to int 12 (cpu 0)[0m
V (1630) intr_alloc: esp_intr_alloc_intrstatus (cpu 1): checking args[0m
V (1640) intr_alloc: esp_intr_alloc_intrstatus (cpu 1): Args okay. Resulting flags 0x40E[0m
D (1640) intr_alloc: Connected src 80 to int 2 (cpu 1)[0m
D (1650) app_start: Starting scheduler on CPU1[0m
V (1650) intr_alloc: esp_intr_alloc_intrstatus (cpu 1): checking args[0m
V (1660) intr_alloc: esp_intr_alloc_intrstatus (cpu 1): Args okay. Resulting flags 0x402[0m
D (1670) intr_alloc: Connected src 58 to int 3 (cpu 1)[0m
[0;32mI (1630) main_task: Started on CPU0[0m
D (1680) heap_init: New heap initialised at 0x3fce9710[0m
[0;32mI (1680) esp_psram: Reserving pool of 32K of internal memory for DMA/internal allocations[0m
D (1690) esp_psram: Allocating block of size 32768 bytes[0m
V (1700) intr_alloc: esp_intr_alloc_intrstatus (cpu 0): checking args[0m
V (1700) intr_alloc: esp_intr_alloc_intrstatus (cpu 0): Args okay. Resulting flags 0xE[0m
D (1710) intr_alloc: Connected src 52 to int 13 (cpu 0)[0m
[0;32mI (1720) main_task: Calling app_main()[0m
[0;32mI (1720) main_task: Returned from app_main()[0m
[0;32mI (1720) example:take_picture: Initializing camera...[0m
D (1730) gdma: new group (0) at 0x3c090b9c[0m
D (1740) gdma: new pair (0,0) at 0x3c090c28[0m
D (1740) gdma: new rx channel (0,0) at 0x3c090b5c[0m
[0;32mI (1750) s3 ll_cam: DMA Channel=0[0m
[0;32mI (1750) cam_hal: cam init ok[0m
D (1750) camera: Enabling XCLK output[0m
D (1760) camera: Initializing SCCB[0m
[0;32mI (1760) sccb: pin_sda 4 pin_scl 5[0m
[0;32mI (1770) sccb: sccb_i2c_port=1[0m
V (1770) intr_alloc: esp_intr_alloc_intrstatus (cpu 1): checking args[0m
V (1780) intr_alloc: esp_intr_alloc_intrstatus (cpu 1): Args okay. Resulting flags 0xE[0m
D (1780) intr_alloc: Connected src 43 to int 4 (cpu 1)[0m
D (1790) camera: Searching for camera address[0m
[0;32mI (1800) camera: Detected camera at address=0x30[0m
[0;32mI (1800) camera: Detected OV2640 camera[0m
D (1800) ov2640: OV2640 Attached[0m
[0;32mI (1810) camera: Camera PID=0x26 VER=0x42 MIDL=0x7f MIDH=0xa2[0m
D (1810) camera: Doing SW reset of sensor[0m
[0;32mI (1910) s3 ll_cam: node_size: 3840, nodes_per_line: 1, lines_per_node: 12[0m
[0;32mI (1910) s3 ll_cam: dma_half_buffer_min:  3840, dma_half_buffer:  7680, lines_per_half_buffer: 24, dma_buffer_size: 15360[0m
[0;32mI (1910) cam_hal: buffer_size: 15360, half_buffer_size: 7680, node_buffer_size: 3840, node_cnt: 4, total_cnt: 5[0m
[0;32mI (1930) cam_hal: Allocating 38400 Byte frame buffer in PSRAM[0m
[0;32mI (1930) cam_hal: Allocating 38400 Byte frame buffer in PSRAM[0m
V (1940) intr_alloc: esp_intr_alloc_intrstatus (cpu 1): checking args[0m
V (1940) intr_alloc: esp_intr_alloc_intrstatus (cpu 1): Args okay. Resulting flags 0x50E[0m
D (1950) intr_alloc: Connected src 66 to int 9 (cpu 1)[0m
V (1960) intr_alloc: esp_intr_alloc_intrstatus (cpu 1): checking args[0m
V (1960) intr_alloc: esp_intr_alloc_intrstatus (cpu 1): Args okay. Resulting flags 0x50E[0m
D (1970) intr_alloc: Connected src 24 to int 9 (cpu 1)[0m
[0;32mI (1980) cam_hal: cam config ok[0m
D (1980) camera: Setting frame size to 160x120[0m
[0;32mI (1990) ov2640: Set PLL: clk_2x: 1, clk_div: 3, pclk_auto: 1, pclk_div: 8[0m
[0;32mI (2070) example:take_picture: Taking picture...[0m
[0;32mI (2210) example:take_picture: Picture taken! Its size was: 38400 bytes[0m
D (2210) HTTP_CLIENT: set post file length = 38432[0m
D (2210) HTTP_CLIENT: Begin connect to: https://api.cloudinary.com:443[0m
D (2210) esp-tls: host:api.cloudinary.com: strlen 18[0m

assert failed: tcpip_send_msg_wait_sem /IDF/components/lwip/lwip/src/api/tcpip.c:449 (Invalid mbox)


Backtrace: 0x40375c8a:0x3fcaa7a0 0x4037c46d:0x3fcaa7c0 0x403832f1:0x3fcaa7e0 0x42020202:0x3fcaa900 0x4202cd61:0x3fcaa930 0x4204a5d9:0x3fcaa970 0x4202f6c1:0x3fcaa9c0 0x4202faa7:0x3fcaaa20 0x4202fda6:0x3fcaaa90 0x42030111:0x3fcaaad0 0x4201d646:0x3fcaab00 0x42059c99:0x3fcaab30 0x42016375:0x3fcaab50 0x4201713c:0x3fcaab90 0x4200af37:0x3fcaabc0 0x4200b006:0x3fcaac80 0x4037cf41:0x3fcaaca0




ELF file SHA256: ddc03df51

Rebooting...
ESP-ROM:esp32s3-20210327
Build:Mar 27 2021
rst:0xc (RTC_SW_CPU_RST),boot:0x2a (SPI_FAST_FLASH_BOOT)
Saved PC:0x40379782
SPIWP:0xee
mode:DIO, clock div:1
load:0x3fce3810,len:0x178c
load:0x403c9700,len:0x4
load:0x403c9704,len:0xcbc
load:0x403cc700,len:0x2d9c
entry 0x403c9914
[0;32mI (26) boot: ESP-IDF v5.2.2-dirty 2nd stage bootloader[0m
[0;32mI (26) boot: compile time Oct  3 2024 10:22:40[0m
[0;32mI (27) boot: Multicore bootloader[0m
[0;32mI (30) boot: chip revision: v0.2[0m
[0;32mI (34) boot.esp32s3: Boot SPI Speed : 80MHz[0m
[0;32mI (38) boot.esp32s3: SPI Mode       : DIO[0m
[0;32mI (43) boot.esp32s3: SPI Flash Size : 2MB[0m
[0;32mI (48) boot: Enabling RNG early entropy source...[0m
[0;32mI (53) boot: Partition Table:[0m
[0;32mI (57) boot: ## Label            Usage          Type ST Offset   Length[0m
[0;32mI (64) boot:  0 nvs              WiFi data        01 02 00009000 00006000[0m
[0;32mI (72) boot:  1 phy_init         RF data          01 01 0000f000 00001000[0m
[0;32mI (79) boot:  2 factory          factory app      00 00 00010000 00100000[0m
[0;32mI (87) boot: End of partition table[0m
[0;32mI (91) esp_image: segment 0: paddr=00010020 vaddr=3c060020 size=23e38h (147000) map[0m
[0;32mI (126) esp_image: segment 1: paddr=00033e60 vaddr=3fc95500 size=03244h ( 12868) load[0m
[0;32mI (129) esp_image: segment 2: paddr=000370ac vaddr=40374000 size=08f6ch ( 36716) load[0m
[0;32mI (140) esp_image: segment 3: paddr=00040020 vaddr=42000020 size=5ea7ch (387708) map[0m
[0;32mI (210) esp_image: segment 4: paddr=0009eaa4 vaddr=4037cf6c size=084f0h ( 34032) load[0m
[0;32mI (225) boot: Loaded app from partition at offset 0x10000[0m
[0;32mI (225) boot: Disabling RNG early entropy source...[0m
[0;32mI (236) cpu_start: Multicore app[0m
V (237) mmap: after coalescing, 1 regions are left[0m
[0;32mI (237) octal_psram: vendor id    : 0x0d (AP)[0m
[0;32mI (239) octal_psram: dev id       : 0x02 (generation 3)[0m
[0;32mI (245) octal_psram: density      : 0x03 (64 Mbit)[0m
[0;32mI (250) octal_psram: good-die     : 0x01 (Pass)[0m
[0;32mI (255) octal_psram: Latency      : 0x01 (Fixed)[0m
[0;32mI (261) octal_psram: VCC          : 0x01 (3V)[0m
[0;32mI (266) octal_psram: SRF          : 0x01 (Fast Refresh)[0m
[0;32mI (272) octal_psram: BurstType    : 0x01 (Hybrid Wrap)[0m
[0;32mI (278) octal_psram: BurstLen     : 0x01 (32 Byte)[0m
[0;32mI (283) octal_psram: Readlatency  : 0x02 (10 cycles@Fixed)[0m
[0;32mI (289) octal_psram: DriveStrength: 0x00 (1/1)[0m
[0;32mI (294) esp_psram: Found 8MB PSRAM device[0m
[0;32mI (299) esp_psram: Speed: 40MHz[0m
V (303) mmap: found laddr is 0x90000[0m
V (306) esp_psram: 8bit-aligned-region: actual_mapped_len is 0x800000 bytes[0m
V (313) esp_psram: 8bit-aligned-range: 0x800000 B, starting from: 0x3c090000[0m
D (321) cpu_start: Pro cpu up[0m
D (324) cpu_start: Starting app cpu, entry point is 0x40375498[0m
D (310) cpu_start: App cpu up[0m
V CACHE_ERR: illegal error intr clr & ena mask is: 0x3f
V CACHE_ERR: core 1 access error intr clr & ena mask is: 0x1f
[0;32mI (1061) esp_psram: SPI SRAM memory test OK[0m
D (1069) clk: RTC_SLOW_CLK calibration value: 3809907[0m
V CACHE_ERR: illegal error intr clr & ena mask is: 0x3f
V CACHE_ERR: core 0 access error intr clr & ena mask is: 0x1f
[0;32mI (1075) cpu_start: Pro cpu start user code[0m
[0;32mI (1078) cpu_start: cpu freq: 160000000 Hz[0m
[0;32mI (1083) cpu_start: Application information:[0m
[0;32mI (1088) cpu_start: Project name:     netstick-test[0m
[0;32mI (1093) cpu_start: App version:      02fd1a5-dirty[0m
[0;32mI (1099) cpu_start: Compile time:     Oct  7 2024 11:11:02[0m
[0;32mI (1105) cpu_start: ELF file SHA256:  ddc03df51...[0m
[0;32mI (1111) cpu_start: ESP-IDF:          v5.2.2-dirty[0m
[0;32mI (1116) cpu_start: Min chip rev:     v0.0[0m
[0;32mI (1121) cpu_start: Max chip rev:     v0.99 [0m
[0;32mI (1126) cpu_start: Chip rev:         v0.2[0m
V (1131) memory_layout: reserved range is 0x3c083e10 - 0x3c083e40[0m
D (1137) memory_layout: Checking 7 reserved memory ranges:[0m
D (1142) memory_layout: Reserved memory range 0x3c000000 - 0x3e000000[0m
D (1149) memory_layout: Reserved memory range 0x3fc84000 - 0x3fc95500[0m
D (1155) memory_layout: Reserved memory range 0x3fc95500 - 0x3fc99f60[0m
D (1162) memory_layout: Reserved memory range 0x3fceee34 - 0x3fcf0000[0m
D (1168) memory_layout: Reserved memory range 0x40374000 - 0x40385500[0m
D (1175) memory_layout: Reserved memory range 0x600fe000 - 0x600fe010[0m
D (1181) memory_layout: Reserved memory range 0x600fffe8 - 0x60100000[0m
D (1188) memory_layout: Building list of available memory regions:[0m
V (1194) memory_layout: Examining memory region 0x3fc88000 - 0x3fc90000[0m
V (1201) memory_layout: Region 0x3fc88000 - 0x3fc90000 inside of reserved 0x3fc84000 - 0x3fc95500[0m
V (1210) memory_layout: Examining memory region 0x3fc90000 - 0x3fca0000[0m
V (1216) memory_layout: Start of region 0x3fc90000 - 0x3fca0000 overlaps reserved 0x3fc84000 - 0x3fc95500[0m
V (1226) memory_layout: Start of region 0x3fc95500 - 0x3fca0000 overlaps reserved 0x3fc95500 - 0x3fc99f60[0m
D (1236) memory_layout: Available memory region 0x3fc99f60 - 0x3fca0000[0m
V (1242) memory_layout: Examining memory region 0x3fca0000 - 0x3fcb0000[0m
D (1249) memory_layout: Available memory region 0x3fca0000 - 0x3fcb0000[0m
V (1256) memory_layout: Examining memory region 0x3fcb0000 - 0x3fcc0000[0m
D (1262) memory_layout: Available memory region 0x3fcb0000 - 0x3fcc0000[0m
V (1269) memory_layout: Examining memory region 0x3fcc0000 - 0x3fcd0000[0m
D (1276) memory_layout: Available memory region 0x3fcc0000 - 0x3fcd0000[0m
V (1282) memory_layout: Examining memory region 0x3fcd0000 - 0x3fce0000[0m
D (1289) memory_layout: Available memory region 0x3fcd0000 - 0x3fce0000[0m
V (1296) memory_layout: Examining memory region 0x3fce0000 - 0x3fce9710[0m
D (1303) memory_layout: Available memory region 0x3fce0000 - 0x3fce9710[0m
V (1309) memory_layout: Examining memory region 0x3fce9710 - 0x3fcf0000[0m
V (1316) memory_layout: End of region 0x3fce9710 - 0x3fcf0000 overlaps reserved 0x3fceee34 - 0x3fcf0000[0m
D (1325) memory_layout: Available memory region 0x3fce9710 - 0x3fceee34[0m
V (1332) memory_layout: Examining memory region 0x3fcf0000 - 0x3fcf8000[0m
D (1339) memory_layout: Available memory region 0x3fcf0000 - 0x3fcf8000[0m
V (1345) memory_layout: Examining memory region 0x3c000000 - 0x3e000000[0m
V (1352) memory_layout: Region 0x3c000000 - 0x3e000000 inside of reserved 0x3c000000 - 0x3e000000[0m
V (1361) memory_layout: Examining memory region 0x600fe000 - 0x60100000[0m
V (1368) memory_layout: Start of region 0x600fe000 - 0x60100000 overlaps reserved 0x600fe000 - 0x600fe010[0m
V (1377) memory_layout: End of region 0x600fe010 - 0x60100000 overlaps reserved 0x600fffe8 - 0x60100000[0m
D (1387) memory_layout: Available memory region 0x600fe010 - 0x600fffe8[0m
[0;32mI (1394) heap_init: Initializing. RAM available for dynamic allocation:[0m
D (1401) heap_init: New heap initialised at 0x3fc99f60[0m
[0;32mI (1406) heap_init: At 3FC99F60 len 0004F7B0 (317 KiB): RAM[0m
[0;32mI (1412) heap_init: At 3FCE9710 len 00005724 (21 KiB): RAM[0m
D (1418) heap_init: New heap initialised at 0x3fcf0000[0m
[0;32mI (1424) heap_init: At 3FCF0000 len 00008000 (32 KiB): DRAM[0m
D (1430) heap_init: New heap initialised at 0x600fe010[0m
[0;32mI (1435) heap_init: At 600FE010 len 00001FD8 (7 KiB): RTCRAM[0m
[0;32mI (1442) esp_psram: Adding pool of 8192K of PSRAM memory to heap allocator[0m
V (1449) intr_alloc: esp_intr_alloc_intrstatus (cpu 0): checking args[0m
V (1455) intr_alloc: esp_intr_alloc_intrstatus (cpu 0): Args okay. Resulting flags 0x40E[0m
D (1464) intr_alloc: Connected src 39 to int 2 (cpu 0)[0m
V (1469) memspi: raw_chip_id: 1740C8
[0m
V (1473) memspi: chip_id: C84017
[0m
V (1476) memspi: raw_chip_id: 1740C8
[0m
V (1480) memspi: chip_id: C84017
[0m
D (1483) spi_flash: trying chip: issi[0m
D (1487) spi_flash: trying chip: gd[0m
[0;32mI (1491) spi_flash: detected chip: gd[0m
[0;32mI (1495) spi_flash: flash io: dio[0m
[0;33mW (1499) spi_flash: Detected size(8192k) larger than the size in the binary image header(2048k). Using the size in the binary image header.[0m
D (1512) cpu_start: calling init function: 0x4204aa74[0m
D (1518) cpu_start: calling init function: 0x42042434[0m
D (1523) cpu_start: calling init function: 0x42012298[0m
D (1528) cpu_start: calling init function: 0x4201143c[0m
[0;33mW (1533) i2c: This driver is an old driver, please migrate your application code to adapt `driver/i2c_master.h`[0m
D (1543) cpu_start: calling init function: 0x4037a9ec[0m
D (1549) cpu_start: calling init function: 0x42003000[0m
D (1554) cpu_start: calling init function: 0x4200856c on core: 0[0m
V (1560) intr_alloc: esp_intr_alloc_intrstatus (cpu 0): checking args[0m
V (1566) intr_alloc: esp_intr_alloc_intrstatus (cpu 0): Args okay. Resulting flags 0xC02[0m
D (1575) intr_alloc: Connected src 59 to int 3 (cpu 0)[0m
D (1580) cpu_start: calling init function: 0x42005f98 on core: 0[0m
[0;32mI (1586) sleep: Configure to isolate all GPIO pins in sleep state[0m
[0;32mI (1593) sleep: Enable automatic switching of GPIO sleep configuration[0m
D (1600) cpu_start: calling init function: 0x4200415c on core: 0[0m
V (1606) intr_alloc: esp_intr_alloc_intrstatus (cpu 0): checking args[0m
V (1612) intr_alloc: esp_intr_alloc_intrstatus (cpu 0): Args okay. Resulting flags 0x40E[0m
D (1621) intr_alloc: Connected src 79 to int 9 (cpu 0)[0m
D (1626) app_start: Starting scheduler on CPU0[0m
V (1630) intr_alloc: esp_intr_alloc_intrstatus (cpu 0): checking args[0m
V (1630) intr_alloc: esp_intr_alloc_intrstatus (cpu 0): Args okay. Resulting flags 0x402[0m
D (1630) intr_alloc: Connected src 57 to int 12 (cpu 0)[0m
V (1630) intr_alloc: esp_intr_alloc_intrstatus (cpu 1): checking args[0m
V (1640) intr_alloc: esp_intr_alloc_intrstatus (cpu 1): Args okay. Resulting flags 0x40E[0m
D (1640) intr_alloc: Connected src 80 to int 2 (cpu 1)[0m
D (1650) app_start: Starting scheduler on CPU1[0m
V (1650) intr_alloc: esp_intr_alloc_intrstatus (cpu 1): checking args[0m
V (1660) intr_alloc: esp_intr_alloc_intrstatus (cpu 1): Args okay. Resulting flags 0x402[0m
D (1670) intr_alloc: Connected src 58 to int 3 (cpu 1)[0m
[0;32mI (1630) main_task: Started on CPU0[0m
D (1680) heap_init: New heap initialised at 0x3fce9710[0m
[0;32mI (1680) esp_psram: Reserving pool of 32K of internal memory for DMA/internal allocations[0m
D (1690) esp_psram: Allocating block of size 32768 bytes[0m
V (1700) intr_alloc: esp_intr_alloc_intrstatus (cpu 0): checking args[0m
V (1700) intr_alloc: esp_intr_alloc_intrstatus (cpu 0): Args okay. Resulting flags 0xE[0m
D (1710) intr_alloc: Connected src 52 to int 13 (cpu 0)[0m
[0;32mI (1720) main_task: Calling app_main()[0m
[0;32mI (1720) main_task: Returned from app_main()[0m
[0;32mI (1720) example:take_picture: Initializing camera...[0m
D (1730) gdma: new group (0) at 0x3c090b9c[0m
D (1740) gdma: new pair (0,0) at 0x3c090c28[0m
D (1740) gdma: new rx channel (0,0) at 0x3c090b5c[0m
[0;32mI (1750) s3 ll_cam: DMA Channel=0[0m
[0;32mI (1750) cam_hal: cam init ok[0m
D (1750) camera: Enabling XCLK output[0m
D (1760) camera: Initializing SCCB[0m
[0;32mI (1760) sccb: pin_sda 4 pin_scl 5[0m
[0;32mI (1770) sccb: sccb_i2c_port=1[0m
V (1770) intr_alloc: esp_intr_alloc_intrstatus (cpu 1): checking args[0m
V (1780) intr_alloc: esp_intr_alloc_intrstatus (cpu 1): Args okay. Resulting flags 0xE[0m
D (1780) intr_alloc: Connected src 43 to int 4 (cpu 1)[0m
D (1790) camera: Searching for camera address[0m
[0;32mI (1800) camera: Detected camera at address=0x30[0m
[0;32mI (1800) camera: Detected OV2640 camera[0m
D (1800) ov2640: OV2640 Attached[0m
[0;32mI (1810) camera: Camera PID=0x26 VER=0x42 MIDL=0x7f MIDH=0xa2[0m
D (1810) camera: Doing SW reset of sensor[0m
[0;32mI (1910) s3 ll_cam: node_size: 3840, nodes_per_line: 1, lines_per_node: 12[0m
[0;32mI (1910) s3 ll_cam: dma_half_buffer_min:  3840, dma_half_buffer:  7680, lines_per_half_buffer: 24, dma_buffer_size: 15360[0m
[0;32mI (1910) cam_hal: buffer_size: 15360, half_buffer_size: 7680, node_buffer_size: 3840, node_cnt: 4, total_cnt: 5[0m
[0;32mI (1930) cam_hal: Allocating 38400 Byte frame buffer in PSRAM[0m
[0;32mI (1930) cam_hal: Allocating 38400 Byte frame buffer in PSRAM[0m
V (1940) intr_alloc: esp_intr_alloc_intrstatus (cpu 1): checking args[0m
V (1940) intr_alloc: esp_intr_alloc_intrstatus (cpu 1): Args okay. Resulting flags 0x50E[0m
D (1950) intr_alloc: Connected src 66 to int 9 (cpu 1)[0m
V (1960) intr_alloc: esp_intr_alloc_intrstatus (cpu 1): checking args[0m
V (1960) intr_alloc: esp_intr_alloc_intrstatus (cpu 1): Args okay. Resulting flags 0x50E[0m
D (1970) intr_alloc: Connected src 24 to int 9 (cpu 1)[0m
[0;32mI (1980) cam_hal: cam config ok[0m
D (1980) camera: Setting frame size to 160x120[0m
[0;32mI (1990) ov2640: Set PLL: clk_2x: 1, clk_div: 3, pclk_auto: 1, pclk_div: 8[0m
[0;32mI (2070) example:take_picture: Taking picture...[0m
[0;32mI (2210) example:take_picture: Picture taken! Its size was: 38400 bytes[0m
D (2210) HTTP_CLIENT: set post file length = 38432[0m
D (2210) HTTP_CLIENT: Begin connect to: https://api.cloudinary.com:443[0m
D (2210) esp-tls: host:api.cloudinary.com: strlen 18[0m

assert failed: tcpip_send_msg_wait_sem /IDF/components/lwip/lwip/src/api/tcpip.c:449 (Invalid mbox)


Backtrace: 0x40375c8a:0x3fcaa7a0 0x4037c46d:0x3fcaa7c0 0x403832f1:0x3fcaa7e0 0x42020202:0x3fcaa900 0x4202cd61:0x3fcaa930 0x4204a5d9:0x3fcaa970 0x4202f6c1:0x3fcaa9c0 0x4202faa7:0x3fcaaa20 0x4202fda6:0x3fcaaa90 0x42030111:0x3fcaaad0 0x4201d646:0x3fcaab00 0x42059c99:0x3fcaab30 0x42016375:0x3fcaab50 0x4201713c:0x3fcaab90 0x4200af37:0x3fcaabc0 0x4200b006:0x3fcaac80 0x4037cf41:0x3fcaaca0




ELF file SHA256: ddc03df51

Rebooting...
ESP-ROM:esp32s3-20210327
Build:Mar 27 2021
rst:0xc (RTC_SW_CPU_RST),boot:0x2a (SPI_FAST_FLASH_BOOT)
Saved PC:0x40379782
SPIWP:0xee
mode:DIO, clock div:1
load:0x3fce3810,len:0x178c
load:0x403c9700,len:0x4
load:0x403c9704,len:0xcbc
load:0x403cc700,len:0x2d9c
entry 0x403c9914
[0;32mI (26) boot: ESP-IDF v5.2.2-dirty 2nd stage bootloader[0m
[0;32mI (26) boot: compile time Oct  3 2024 10:22:40[0m
[0;32mI (27) boot: Multicore bootloader[0m
[0;32mI (30) boot: chip revision: v0.2[0m
[0;32mI (34) boot.esp32s3: Boot SPI Speed : 80MHz[0m
[0;32mI (38) boot.esp32s3: SPI Mode       : DIO[0m
[0;32mI (43) boot.esp32s3: SPI Flash Size : 2MB[0m
[0;32mI (48) boot: Enabling RNG early entropy source...[0m
[0;32mI (53) boot: Partition Table:[0m
[0;32mI (57) boot: ## Label            Usage          Type ST Offset   Length[0m
[0;32mI (64) boot:  0 nvs              WiFi data        01 02 00009000 00006000[0m
[0;32mI (72) boot:  1 phy_init         RF data          01 01 0000f000 00001000[0m
[0;32mI (79) boot:  2 factory          factory app      00 00 00010000 00100000[0m
[0;32mI (87) boot: End of partition table[0m
[0;32mI (91) esp_image: segment 0: paddr=00010020 vaddr=3c060020 size=23e38h (147000) map[0m
[0;32mI (126) esp_image: segment 1: paddr=00033e60 vaddr=3fc95500 size=03244h ( 12868) load[0m
[0;32mI (129) esp_image: segment 2: paddr=000370ac vaddr=40374000 size=08f6ch ( 36716) load[0m
[0;32mI (140) esp_image: segment 3: paddr=00040020 vaddr=42000020 size=5ea7ch (387708) map[0m
[0;32mI (210) esp_image: segment 4: paddr=0009eaa4 vaddr=4037cf6c size=084f0h ( 34032) load[0m
[0;32mI (225) boot: Loaded app from partition at offset 0x10000[0m
[0;32mI (225) boot: Disabling RNG early entropy source...[0m
[0;32mI (236) cpu_start: Multicore app[0m
V (237) mmap: after coalescing, 1 regions are left[0m
[0;32mI (237) octal_psram: vendor id    : 0x0d (AP)[0m
[0;32mI (239) octal_psram: dev id       : 0x02 (generation 3)[0m
[0;32mI (245) octal_psram: density      : 0x03 (64 Mbit)[0m
[0;32mI (250) octal_psram: good-die     : 0x01 (Pass)[0m
[0;32mI (255) octal_psram: Latency      : 0x01 (Fixed)[0m
[0;32mI (261) octal_psram: VCC          : 0x01 (3V)[0m
